MSBuild version 17.8.27+3ab07f0cf for .NET
  Determining projects to restore...
/mnt/d/dev2/remotec/src/RemoteC.Host/RemoteC.Host.csproj : warning NU1603: RemoteC.Host depends on ScreenCapture.NET (>= 1.0.4) but ScreenCapture.NET 1.0.4 was not found. An approximate best match of ScreenCapture.NET 1.1.0 was resolved. [/mnt/d/dev2/remotec/RemoteC.sln]
/mnt/d/dev2/remotec/src/RemoteC.Host/RemoteC.Host.csproj : warning NU1603: RemoteC.Host depends on Serilog.Sinks.File (>= 5.1.0) but Serilog.Sinks.File 5.1.0 was not found. An approximate best match of Serilog.Sinks.File 6.0.0 was resolved. [/mnt/d/dev2/remotec/RemoteC.sln]
/mnt/d/dev2/remotec/src/RemoteC.Host/RemoteC.Host.csproj : warning NU1701: Package 'InputSimulator 1.0.4' was restored using '.NETFramework,Version=v4.6.1, .NETFramework,Version=v4.6.2, .NETFramework,Version=v4.7, .NETFramework,Version=v4.7.1, .NETFramework,Version=v4.7.2, .NETFramework,Version=v4.8, .NETFramework,Version=v4.8.1' instead of the project target framework 'net8.0'. This package may not be fully compatible with your project. [/mnt/d/dev2/remotec/RemoteC.sln]
/mnt/d/dev2/remotec/tests/RemoteC.Tests.Unit/RemoteC.Tests.Unit.csproj : warning NU1603: RemoteC.Host depends on ScreenCapture.NET (>= 1.0.4) but ScreenCapture.NET 1.0.4 was not found. An approximate best match of ScreenCapture.NET 1.1.0 was resolved. [/mnt/d/dev2/remotec/RemoteC.sln]
/mnt/d/dev2/remotec/tests/RemoteC.Tests.Unit/RemoteC.Tests.Unit.csproj : warning NU1603: RemoteC.Host depends on Serilog.Sinks.File (>= 5.1.0) but Serilog.Sinks.File 5.1.0 was not found. An approximate best match of Serilog.Sinks.File 6.0.0 was resolved. [/mnt/d/dev2/remotec/RemoteC.sln]
/mnt/d/dev2/remotec/tests/RemoteC.Tests.Unit/RemoteC.Tests.Unit.csproj : warning NU1701: Package 'InputSimulator 1.0.4' was restored using '.NETFramework,Version=v4.6.1, .NETFramework,Version=v4.6.2, .NETFramework,Version=v4.7, .NETFramework,Version=v4.7.1, .NETFramework,Version=v4.7.2, .NETFramework,Version=v4.8, .NETFramework,Version=v4.8.1' instead of the project target framework 'net8.0'. This package may not be fully compatible with your project. [/mnt/d/dev2/remotec/RemoteC.sln]
  All projects are up-to-date for restore.
/mnt/d/dev2/remotec/src/RemoteC.Host/RemoteC.Host.csproj : warning NU1603: RemoteC.Host depends on ScreenCapture.NET (>= 1.0.4) but ScreenCapture.NET 1.0.4 was not found. An approximate best match of ScreenCapture.NET 1.1.0 was resolved.
/mnt/d/dev2/remotec/src/RemoteC.Host/RemoteC.Host.csproj : warning NU1603: RemoteC.Host depends on Serilog.Sinks.File (>= 5.1.0) but Serilog.Sinks.File 5.1.0 was not found. An approximate best match of Serilog.Sinks.File 6.0.0 was resolved.
/mnt/d/dev2/remotec/src/RemoteC.Host/RemoteC.Host.csproj : warning NU1701: Package 'InputSimulator 1.0.4' was restored using '.NETFramework,Version=v4.6.1, .NETFramework,Version=v4.6.2, .NETFramework,Version=v4.7, .NETFramework,Version=v4.7.1, .NETFramework,Version=v4.7.2, .NETFramework,Version=v4.8, .NETFramework,Version=v4.8.1' instead of the project target framework 'net8.0'. This package may not be fully compatible with your project.
/mnt/d/dev2/remotec/tests/RemoteC.Tests.Unit/RemoteC.Tests.Unit.csproj : warning NU1603: RemoteC.Host depends on ScreenCapture.NET (>= 1.0.4) but ScreenCapture.NET 1.0.4 was not found. An approximate best match of ScreenCapture.NET 1.1.0 was resolved.
/mnt/d/dev2/remotec/tests/RemoteC.Tests.Unit/RemoteC.Tests.Unit.csproj : warning NU1603: RemoteC.Host depends on Serilog.Sinks.File (>= 5.1.0) but Serilog.Sinks.File 5.1.0 was not found. An approximate best match of Serilog.Sinks.File 6.0.0 was resolved.
/mnt/d/dev2/remotec/tests/RemoteC.Tests.Unit/RemoteC.Tests.Unit.csproj : warning NU1701: Package 'InputSimulator 1.0.4' was restored using '.NETFramework,Version=v4.6.1, .NETFramework,Version=v4.6.2, .NETFramework,Version=v4.7, .NETFramework,Version=v4.7.1, .NETFramework,Version=v4.7.2, .NETFramework,Version=v4.8, .NETFramework,Version=v4.8.1' instead of the project target framework 'net8.0'. This package may not be fully compatible with your project.
  RemoteC.Shared -> /mnt/d/dev2/remotec/src/RemoteC.Shared/bin/Debug/net8.0/RemoteC.Shared.dll
  RemoteC.Core.Interop -> /mnt/d/dev2/remotec/src/RemoteC.Core.Interop/bin/Debug/net8.0/RemoteC.Core.Interop.dll
  RemoteC.Data -> /mnt/d/dev2/remotec/src/RemoteC.Data/bin/Debug/net8.0/RemoteC.Data.dll
/mnt/d/dev2/remotec/src/RemoteC.Host/Services/ScreenCaptureService.cs(106,17): warning CS0219: The variable 'index' is assigned but its value is never used [/mnt/d/dev2/remotec/src/RemoteC.Host/RemoteC.Host.csproj]
/mnt/d/dev2/remotec/src/RemoteC.Host/Services/RemoteControlHostService.cs(258,24): warning CS1998: This async method lacks 'await' operators and will run synchronously. Consider using the 'await' operator to await non-blocking API calls, or 'await Task.Run(...)' to do CPU-bound work on a background thread. [/mnt/d/dev2/remotec/src/RemoteC.Host/RemoteC.Host.csproj]
/mnt/d/dev2/remotec/src/RemoteC.Host/Services/ScreenCaptureService.cs(172,9): warning CA1416: This call site is reachable on all platforms. 'EncoderParameters.Param' is only supported on: 'windows' 6.1 and later. (https://learn.microsoft.com/dotnet/fundamentals/code-analysis/quality-rules/ca1416) [/mnt/d/dev2/remotec/src/RemoteC.Host/RemoteC.Host.csproj]
/mnt/d/dev2/remotec/src/RemoteC.Host/Services/ScreenCaptureService.cs(153,36): warning CA1416: This call site is reachable on all platforms. 'Bitmap' is only supported on: 'windows' 6.1 and later. (https://learn.microsoft.com/dotnet/fundamentals/code-analysis/quality-rules/ca1416) [/mnt/d/dev2/remotec/src/RemoteC.Host/RemoteC.Host.csproj]
/mnt/d/dev2/remotec/src/RemoteC.Host/Services/ScreenCaptureService.cs(189,43): warning CA1416: This call site is reachable on all platforms. 'ImageCodecInfo.MimeType' is only supported on: 'windows' 6.1 and later. (https://learn.microsoft.com/dotnet/fundamentals/code-analysis/quality-rules/ca1416) [/mnt/d/dev2/remotec/src/RemoteC.Host/RemoteC.Host.csproj]
/mnt/d/dev2/remotec/src/RemoteC.Host/Services/ScreenCaptureService.cs(199,28): warning CA1416: This call site is reachable on all platforms. 'Image.Dispose()' is only supported on: 'windows' 6.1 and later. (https://learn.microsoft.com/dotnet/fundamentals/code-analysis/quality-rules/ca1416) [/mnt/d/dev2/remotec/src/RemoteC.Host/RemoteC.Host.csproj]
/mnt/d/dev2/remotec/src/RemoteC.Host/Services/ScreenCaptureService.cs(189,16): warning CA1416: This call site is reachable on all platforms. 'ImageCodecInfo' is only supported on: 'windows' 6.1 and later. (https://learn.microsoft.com/dotnet/fundamentals/code-analysis/quality-rules/ca1416) [/mnt/d/dev2/remotec/src/RemoteC.Host/RemoteC.Host.csproj]
/mnt/d/dev2/remotec/src/RemoteC.Host/Services/StubServices.cs(88,54): warning CA1416: This call site is reachable on all platforms. 'PerformanceCounter.NextValue()' is only supported on: 'windows'. (https://learn.microsoft.com/dotnet/fundamentals/code-analysis/quality-rules/ca1416) [/mnt/d/dev2/remotec/src/RemoteC.Host/RemoteC.Host.csproj]
/mnt/d/dev2/remotec/src/RemoteC.Host/Services/StubServices.cs(64,30): warning CA1416: This call site is reachable on all platforms. 'PerformanceCounter' is only supported on: 'windows'. (https://learn.microsoft.com/dotnet/fundamentals/code-analysis/quality-rules/ca1416) [/mnt/d/dev2/remotec/src/RemoteC.Host/RemoteC.Host.csproj]
/mnt/d/dev2/remotec/src/RemoteC.Host/Services/StubServices.cs(101,50): warning CA1416: This call site is reachable on all platforms. 'PerformanceCounter.NextValue()' is only supported on: 'windows'. (https://learn.microsoft.com/dotnet/fundamentals/code-analysis/quality-rules/ca1416) [/mnt/d/dev2/remotec/src/RemoteC.Host/RemoteC.Host.csproj]
/mnt/d/dev2/remotec/src/RemoteC.Host/Services/ScreenCaptureService.cs(171,29): warning CA1416: This call site is reachable on all platforms. 'EncoderParameters' is only supported on: 'windows' 6.1 and later. (https://learn.microsoft.com/dotnet/fundamentals/code-analysis/quality-rules/ca1416) [/mnt/d/dev2/remotec/src/RemoteC.Host/RemoteC.Host.csproj]
/mnt/d/dev2/remotec/src/RemoteC.Host/Services/ScreenCaptureService.cs(190,16): warning CA1416: This call site is reachable on all platforms. 'ImageCodecInfo' is only supported on: 'windows' 6.1 and later. (https://learn.microsoft.com/dotnet/fundamentals/code-analysis/quality-rules/ca1416) [/mnt/d/dev2/remotec/src/RemoteC.Host/RemoteC.Host.csproj]
/mnt/d/dev2/remotec/src/RemoteC.Host/Services/StubServices.cs(63,27): warning CA1416: This call site is reachable on all platforms. 'PerformanceCounter' is only supported on: 'windows'. (https://learn.microsoft.com/dotnet/fundamentals/code-analysis/quality-rules/ca1416) [/mnt/d/dev2/remotec/src/RemoteC.Host/RemoteC.Host.csproj]
/mnt/d/dev2/remotec/src/RemoteC.Host/Services/ScreenCaptureService.cs(156,17): warning CA1416: This call site is reachable on all platforms. 'Graphics.InterpolationMode' is only supported on: 'windows' 6.1 and later. (https://learn.microsoft.com/dotnet/fundamentals/code-analysis/quality-rules/ca1416) [/mnt/d/dev2/remotec/src/RemoteC.Host/RemoteC.Host.csproj]
/mnt/d/dev2/remotec/src/RemoteC.Host/Services/ScreenCaptureService.cs(180,22): warning CA1416: This call site is reachable on all platforms. 'ImageCodecInfo.GetImageEncoders()' is only supported on: 'windows' 6.1 and later. (https://learn.microsoft.com/dotnet/fundamentals/code-analysis/quality-rules/ca1416) [/mnt/d/dev2/remotec/src/RemoteC.Host/RemoteC.Host.csproj]
/mnt/d/dev2/remotec/src/RemoteC.Host/Services/ScreenCaptureService.cs(152,39): warning CA1416: This call site is reachable on all platforms. 'Image.Height' is only supported on: 'windows' 6.1 and later. (https://learn.microsoft.com/dotnet/fundamentals/code-analysis/quality-rules/ca1416) [/mnt/d/dev2/remotec/src/RemoteC.Host/RemoteC.Host.csproj]
/mnt/d/dev2/remotec/src/RemoteC.Host/Services/ScreenCaptureService.cs(190,34): warning CA1416: This call site is reachable on all platforms. 'ImageCodecInfo.MimeType' is only supported on: 'windows' 6.1 and later. (https://learn.microsoft.com/dotnet/fundamentals/code-analysis/quality-rules/ca1416) [/mnt/d/dev2/remotec/src/RemoteC.Host/RemoteC.Host.csproj]
/mnt/d/dev2/remotec/src/RemoteC.Host/Services/ScreenCaptureService.cs(172,55): warning CA1416: This call site is reachable on all platforms. 'Encoder.Quality' is only supported on: 'windows' 6.1 and later. (https://learn.microsoft.com/dotnet/fundamentals/code-analysis/quality-rules/ca1416) [/mnt/d/dev2/remotec/src/RemoteC.Host/RemoteC.Host.csproj]
/mnt/d/dev2/remotec/src/RemoteC.Host/Services/ScreenCaptureService.cs(154,31): warning CA1416: This call site is reachable on all platforms. 'Graphics.FromImage(Image)' is only supported on: 'windows' 6.1 and later. (https://learn.microsoft.com/dotnet/fundamentals/code-analysis/quality-rules/ca1416) [/mnt/d/dev2/remotec/src/RemoteC.Host/RemoteC.Host.csproj]
/mnt/d/dev2/remotec/src/RemoteC.Host/Services/ScreenCaptureService.cs(172,34): warning CA1416: This call site is reachable on all platforms. 'EncoderParameter' is only supported on: 'windows' 6.1 and later. (https://learn.microsoft.com/dotnet/fundamentals/code-analysis/quality-rules/ca1416) [/mnt/d/dev2/remotec/src/RemoteC.Host/RemoteC.Host.csproj]
/mnt/d/dev2/remotec/src/RemoteC.Host/Services/ScreenCaptureService.cs(151,38): warning CA1416: This call site is reachable on all platforms. 'Image.Width' is only supported on: 'windows' 6.1 and later. (https://learn.microsoft.com/dotnet/fundamentals/code-analysis/quality-rules/ca1416) [/mnt/d/dev2/remotec/src/RemoteC.Host/RemoteC.Host.csproj]
/mnt/d/dev2/remotec/src/RemoteC.Host/Services/ScreenCaptureService.cs(174,9): warning CA1416: This call site is reachable on all platforms. 'Image.Save(Stream, ImageCodecInfo, EncoderParameters?)' is only supported on: 'windows' 6.1 and later. (https://learn.microsoft.com/dotnet/fundamentals/code-analysis/quality-rules/ca1416) [/mnt/d/dev2/remotec/src/RemoteC.Host/RemoteC.Host.csproj]
/mnt/d/dev2/remotec/src/RemoteC.Host/Services/ScreenCaptureService.cs(156,39): warning CA1416: This call site is reachable on all platforms. 'InterpolationMode.HighQualityBicubic' is only supported on: 'windows' 6.1 and later. (https://learn.microsoft.com/dotnet/fundamentals/code-analysis/quality-rules/ca1416) [/mnt/d/dev2/remotec/src/RemoteC.Host/RemoteC.Host.csproj]
/mnt/d/dev2/remotec/src/RemoteC.Host/Services/ScreenCaptureService.cs(146,32): warning CA1416: This call site is reachable on all platforms. 'Bitmap' is only supported on: 'windows' 6.1 and later. (https://learn.microsoft.com/dotnet/fundamentals/code-analysis/quality-rules/ca1416) [/mnt/d/dev2/remotec/src/RemoteC.Host/RemoteC.Host.csproj]
/mnt/d/dev2/remotec/src/RemoteC.Host/Services/ScreenCaptureService.cs(157,17): warning CA1416: This call site is reachable on all platforms. 'Graphics.DrawImage(Image, int, int, int, int)' is only supported on: 'windows' 6.1 and later. (https://learn.microsoft.com/dotnet/fundamentals/code-analysis/quality-rules/ca1416) [/mnt/d/dev2/remotec/src/RemoteC.Host/RemoteC.Host.csproj]
  RemoteC.Host -> /mnt/d/dev2/remotec/src/RemoteC.Host/bin/Debug/net8.0/win-x64/RemoteC.Host.dll
/mnt/d/dev2/remotec/src/RemoteC.Api/Services/ComplianceService.cs(417,18): warning CS8602: Dereference of a possibly null reference. [/mnt/d/dev2/remotec/src/RemoteC.Api/RemoteC.Api.csproj]
/mnt/d/dev2/remotec/src/RemoteC.Api/Services/FileTransferService.cs(332,39): warning CS1998: This async method lacks 'await' operators and will run synchronously. Consider using the 'await' operator to await non-blocking API calls, or 'await Task.Run(...)' to do CPU-bound work on a background thread. [/mnt/d/dev2/remotec/src/RemoteC.Api/RemoteC.Api.csproj]
/mnt/d/dev2/remotec/src/RemoteC.Api/Services/EdgeDeploymentService.cs(438,36): error CS1061: 'EdgeDeploymentEntity' does not contain a definition for 'Ports' and no accessible extension method 'Ports' accepting a first argument of type 'EdgeDeploymentEntity' could be found (are you missing a using directive or an assembly reference?) [/mnt/d/dev2/remotec/src/RemoteC.Api/RemoteC.Api.csproj]
/mnt/d/dev2/remotec/src/RemoteC.Api/Services/EdgeDeploymentService.cs(439,29): warning CS8601: Possible null reference assignment. [/mnt/d/dev2/remotec/src/RemoteC.Api/RemoteC.Api.csproj]
/mnt/d/dev2/remotec/src/RemoteC.Api/Services/ComplianceService.cs(654,17): warning CS8625: Cannot convert null literal to non-nullable reference type. [/mnt/d/dev2/remotec/src/RemoteC.Api/RemoteC.Api.csproj]
/mnt/d/dev2/remotec/src/RemoteC.Api/Services/EdgeDeploymentService.cs(484,66): warning CS8602: Dereference of a possibly null reference. [/mnt/d/dev2/remotec/src/RemoteC.Api/RemoteC.Api.csproj]
/mnt/d/dev2/remotec/src/RemoteC.Api/Services/EdgeDeploymentService.cs(511,20): error CS0029: Cannot implicitly convert type 'System.Collections.Generic.List<RemoteC.Data.Entities.EdgeDeploymentEntity>' to 'System.Collections.Generic.List<RemoteC.Shared.Models.EdgeDeployment>' [/mnt/d/dev2/remotec/src/RemoteC.Api/RemoteC.Api.csproj]
/mnt/d/dev2/remotec/src/RemoteC.Api/Services/ComplianceService.cs(703,17): error CS0019: Operator '==' cannot be applied to operands of type 'ExportFormat' and 'ExportFormat' [/mnt/d/dev2/remotec/src/RemoteC.Api/RemoteC.Api.csproj]
/mnt/d/dev2/remotec/src/RemoteC.Api/Program.cs(171,43): error CS0234: The type or namespace name 'AuditSeverity' does not exist in the namespace 'RemoteC.Api.Services' (are you missing an assembly reference?) [/mnt/d/dev2/remotec/src/RemoteC.Api/RemoteC.Api.csproj]
/mnt/d/dev2/remotec/src/RemoteC.Api/Services/FileTransferService.cs(441,26): error CS0266: Cannot implicitly convert type 'RemoteC.Data.Entities.TransferStatus' to 'RemoteC.Shared.Models.TransferStatus'. An explicit conversion exists (are you missing a cast?) [/mnt/d/dev2/remotec/src/RemoteC.Api/RemoteC.Api.csproj]
/mnt/d/dev2/remotec/src/RemoteC.Api/Services/ComplianceService.cs(727,28): warning CS8602: Dereference of a possibly null reference. [/mnt/d/dev2/remotec/src/RemoteC.Api/RemoteC.Api.csproj]
/mnt/d/dev2/remotec/src/RemoteC.Api/Services/ComplianceService.cs(731,28): warning CS8602: Dereference of a possibly null reference. [/mnt/d/dev2/remotec/src/RemoteC.Api/RemoteC.Api.csproj]
/mnt/d/dev2/remotec/src/RemoteC.Api/Services/ComplianceService.cs(735,28): warning CS8602: Dereference of a possibly null reference. [/mnt/d/dev2/remotec/src/RemoteC.Api/RemoteC.Api.csproj]
/mnt/d/dev2/remotec/src/RemoteC.Api/Services/ComplianceService.cs(738,28): warning CS8602: Dereference of a possibly null reference. [/mnt/d/dev2/remotec/src/RemoteC.Api/RemoteC.Api.csproj]
/mnt/d/dev2/remotec/src/RemoteC.Api/Services/ComplianceService.cs(741,28): warning CS8602: Dereference of a possibly null reference. [/mnt/d/dev2/remotec/src/RemoteC.Api/RemoteC.Api.csproj]
/mnt/d/dev2/remotec/src/RemoteC.Api/Services/ComplianceService.cs(744,28): warning CS8602: Dereference of a possibly null reference. [/mnt/d/dev2/remotec/src/RemoteC.Api/RemoteC.Api.csproj]
/mnt/d/dev2/remotec/src/RemoteC.Api/Services/ComplianceService.cs(722,34): warning CS1998: This async method lacks 'await' operators and will run synchronously. Consider using the 'await' operator to await non-blocking API calls, or 'await Task.Run(...)' to do CPU-bound work on a background thread. [/mnt/d/dev2/remotec/src/RemoteC.Api/RemoteC.Api.csproj]
/mnt/d/dev2/remotec/src/RemoteC.Api/Services/EdgeDeploymentService.cs(548,33): error CS1061: 'EdgeDeploymentEntity' does not contain a definition for 'AutoScalePolicy' and no accessible extension method 'AutoScalePolicy' accepting a first argument of type 'EdgeDeploymentEntity' could be found (are you missing a using directive or an assembly reference?) [/mnt/d/dev2/remotec/src/RemoteC.Api/RemoteC.Api.csproj]
/mnt/d/dev2/remotec/src/RemoteC.Api/Services/EdgeDeploymentService.cs(644,24): error CS1061: 'EdgeDeploymentEntity' does not contain a definition for 'AutoScalePolicy' and no accessible extension method 'AutoScalePolicy' accepting a first argument of type 'EdgeDeploymentEntity' could be found (are you missing a using directive or an assembly reference?) [/mnt/d/dev2/remotec/src/RemoteC.Api/RemoteC.Api.csproj]
/mnt/d/dev2/remotec/src/RemoteC.Api/Services/SessionRecordingService.cs(127,45): error CS1061: 'SessionRecording' does not contain a definition for 'FrameCount' and no accessible extension method 'FrameCount' accepting a first argument of type 'SessionRecording' could be found (are you missing a using directive or an assembly reference?) [/mnt/d/dev2/remotec/src/RemoteC.Api/RemoteC.Api.csproj]
/mnt/d/dev2/remotec/src/RemoteC.Api/Services/SessionRecordingService.cs(136,67): error CS1061: 'SessionRecording' does not contain a definition for 'ChunkCount' and no accessible extension method 'ChunkCount' accepting a first argument of type 'SessionRecording' could be found (are you missing a using directive or an assembly reference?) [/mnt/d/dev2/remotec/src/RemoteC.Api/RemoteC.Api.csproj]
/mnt/d/dev2/remotec/src/RemoteC.Api/Services/SessionRecordingService.cs(138,50): error CS1061: 'BlobContainerClient' does not contain a definition for 'GetAppendBlobClient' and no accessible extension method 'GetAppendBlobClient' accepting a first argument of type 'BlobContainerClient' could be found (are you missing a using directive or an assembly reference?) [/mnt/d/dev2/remotec/src/RemoteC.Api/RemoteC.Api.csproj]
/mnt/d/dev2/remotec/src/RemoteC.Api/Services/SessionRecordingService.cs(150,31): error CS1061: 'SessionRecording' does not contain a definition for 'ChunkCount' and no accessible extension method 'ChunkCount' accepting a first argument of type 'SessionRecording' could be found (are you missing a using directive or an assembly reference?) [/mnt/d/dev2/remotec/src/RemoteC.Api/RemoteC.Api.csproj]
/mnt/d/dev2/remotec/src/RemoteC.Api/Services/SessionRecordingService.cs(151,67): error CS1061: 'SessionRecording' does not contain a definition for 'ChunkCount' and no accessible extension method 'ChunkCount' accepting a first argument of type 'SessionRecording' could be found (are you missing a using directive or an assembly reference?) [/mnt/d/dev2/remotec/src/RemoteC.Api/RemoteC.Api.csproj]
/mnt/d/dev2/remotec/src/RemoteC.Api/Services/SessionRecordingService.cs(152,50): error CS1061: 'BlobContainerClient' does not contain a definition for 'GetAppendBlobClient' and no accessible extension method 'GetAppendBlobClient' accepting a first argument of type 'BlobContainerClient' could be found (are you missing a using directive or an assembly reference?) [/mnt/d/dev2/remotec/src/RemoteC.Api/RemoteC.Api.csproj]
/mnt/d/dev2/remotec/src/RemoteC.Api/Services/SessionRecordingService.cs(162,27): error CS1061: 'SessionRecording' does not contain a definition for 'TotalSize' and no accessible extension method 'TotalSize' accepting a first argument of type 'SessionRecording' could be found (are you missing a using directive or an assembly reference?) [/mnt/d/dev2/remotec/src/RemoteC.Api/RemoteC.Api.csproj]
/mnt/d/dev2/remotec/src/RemoteC.Api/Services/SessionRecordingService.cs(163,27): error CS1061: 'SessionRecording' does not contain a definition for 'UpdatedAt' and no accessible extension method 'UpdatedAt' accepting a first argument of type 'SessionRecording' could be found (are you missing a using directive or an assembly reference?) [/mnt/d/dev2/remotec/src/RemoteC.Api/RemoteC.Api.csproj]
/mnt/d/dev2/remotec/src/RemoteC.Api/Services/SessionRecordingService.cs(121,21): warning CS8604: Possible null reference argument for parameter 'keyId' in 'Task<byte[]> IEncryptionService.EncryptAsync(byte[] data, string keyId)'. [/mnt/d/dev2/remotec/src/RemoteC.Api/RemoteC.Api.csproj]
/mnt/d/dev2/remotec/src/RemoteC.Api/Services/PinService.cs(469,29): warning CS1998: This async method lacks 'await' operators and will run synchronously. Consider using the 'await' operator to await non-blocking API calls, or 'await Task.Run(...)' to do CPU-bound work on a background thread. [/mnt/d/dev2/remotec/src/RemoteC.Api/RemoteC.Api.csproj]
/mnt/d/dev2/remotec/src/RemoteC.Api/Services/SessionRecordingService.cs(227,27): error CS0246: The type or namespace name 'NotFoundException' could not be found (are you missing a using directive or an assembly reference?) [/mnt/d/dev2/remotec/src/RemoteC.Api/RemoteC.Api.csproj]
/mnt/d/dev2/remotec/src/RemoteC.Api/Services/SessionRecordingService.cs(233,27): error CS0246: The type or namespace name 'UnauthorizedException' could not be found (are you missing a using directive or an assembly reference?) [/mnt/d/dev2/remotec/src/RemoteC.Api/RemoteC.Api.csproj]
/mnt/d/dev2/remotec/src/RemoteC.Api/Services/SessionRecordingService.cs(240,44): error CS1061: 'SessionRecording' does not contain a definition for 'ChunkCount' and no accessible extension method 'ChunkCount' accepting a first argument of type 'SessionRecording' could be found (are you missing a using directive or an assembly reference?) [/mnt/d/dev2/remotec/src/RemoteC.Api/RemoteC.Api.csproj]
/mnt/d/dev2/remotec/src/RemoteC.Api/Services/SessionRecordingService.cs(272,40): error CS1061: 'SessionRecording' does not contain a definition for 'FrameCount' and no accessible extension method 'FrameCount' accepting a first argument of type 'SessionRecording' could be found (are you missing a using directive or an assembly reference?) [/mnt/d/dev2/remotec/src/RemoteC.Api/RemoteC.Api.csproj]
/mnt/d/dev2/remotec/src/RemoteC.Api/Services/SessionRecordingService.cs(274,35): warning CS8601: Possible null reference assignment. [/mnt/d/dev2/remotec/src/RemoteC.Api/RemoteC.Api.csproj]
/mnt/d/dev2/remotec/src/RemoteC.Api/Services/EdgeDeploymentService.cs(730,24): error CS1061: 'EdgeDeploymentEntity' does not contain a definition for 'HealthCheckConfig' and no accessible extension method 'HealthCheckConfig' accepting a first argument of type 'EdgeDeploymentEntity' could be found (are you missing a using directive or an assembly reference?) [/mnt/d/dev2/remotec/src/RemoteC.Api/RemoteC.Api.csproj]
/mnt/d/dev2/remotec/src/RemoteC.Api/Services/EdgeDeploymentService.cs(765,13): error CS0200: Property or indexer 'EdgeDeploymentEntity.LoadBalancer' cannot be assigned to -- it is read only [/mnt/d/dev2/remotec/src/RemoteC.Api/RemoteC.Api.csproj]
/mnt/d/dev2/remotec/src/RemoteC.Api/Services/SessionRecordingService.cs(289,63): error CS1061: 'OrganizationSettings' does not contain a definition for 'SessionRecordingDays' and no accessible extension method 'SessionRecordingDays' accepting a first argument of type 'OrganizationSettings' could be found (are you missing a using directive or an assembly reference?) [/mnt/d/dev2/remotec/src/RemoteC.Api/RemoteC.Api.csproj]
/mnt/d/dev2/remotec/src/RemoteC.Api/Services/IdentityProviderService.cs(288,31): error CS0029: Cannot implicitly convert type 'System.DateTime?' to 'long?' [/mnt/d/dev2/remotec/src/RemoteC.Api/RemoteC.Api.csproj]
/mnt/d/dev2/remotec/src/RemoteC.Api/Services/IdentityProviderService.cs(254,55): warning CS1998: This async method lacks 'await' operators and will run synchronously. Consider using the 'await' operator to await non-blocking API calls, or 'await Task.Run(...)' to do CPU-bound work on a background thread. [/mnt/d/dev2/remotec/src/RemoteC.Api/RemoteC.Api.csproj]
/mnt/d/dev2/remotec/src/RemoteC.Api/Services/AuditService.cs(369,36): error CS0029: Cannot implicitly convert type 'System.Collections.Generic.Dictionary<int, int>' to 'System.Collections.Generic.Dictionary<RemoteC.Shared.Models.AuditCategory, int>' [/mnt/d/dev2/remotec/src/RemoteC.Api/RemoteC.Api.csproj]
/mnt/d/dev2/remotec/src/RemoteC.Api/Services/AuditService.cs(371,36): error CS0029: Cannot implicitly convert type 'System.Collections.Generic.Dictionary<int, int>' to 'System.Collections.Generic.Dictionary<RemoteC.Shared.Models.AuditSeverity, int>' [/mnt/d/dev2/remotec/src/RemoteC.Api/RemoteC.Api.csproj]
/mnt/d/dev2/remotec/src/RemoteC.Api/Services/SessionRecordingService.cs(394,27): error CS1061: 'SessionRecording' does not contain a definition for 'ThumbnailUrl' and no accessible extension method 'ThumbnailUrl' accepting a first argument of type 'SessionRecording' could be found (are you missing a using directive or an assembly reference?) [/mnt/d/dev2/remotec/src/RemoteC.Api/RemoteC.Api.csproj]
/mnt/d/dev2/remotec/src/RemoteC.Api/Services/SessionRecordingService.cs(414,46): error CS1061: 'BlobContainerClient' does not contain a definition for 'GetAppendBlobClient' and no accessible extension method 'GetAppendBlobClient' accepting a first argument of type 'BlobContainerClient' could be found (are you missing a using directive or an assembly reference?) [/mnt/d/dev2/remotec/src/RemoteC.Api/RemoteC.Api.csproj]
/mnt/d/dev2/remotec/src/RemoteC.Api/Services/SessionRecordingService.cs(444,28): warning CS8600: Converting null literal or possible null value to non-nullable type. [/mnt/d/dev2/remotec/src/RemoteC.Api/RemoteC.Api.csproj]
/mnt/d/dev2/remotec/src/RemoteC.Api/Services/IdentityProviderService.cs(383,52): warning CS1998: This async method lacks 'await' operators and will run synchronously. Consider using the 'await' operator to await non-blocking API calls, or 'await Task.Run(...)' to do CPU-bound work on a background thread. [/mnt/d/dev2/remotec/src/RemoteC.Api/RemoteC.Api.csproj]
/mnt/d/dev2/remotec/src/RemoteC.Api/Services/AuditService.cs(736,36): warning CS1998: This async method lacks 'await' operators and will run synchronously. Consider using the 'await' operator to await non-blocking API calls, or 'await Task.Run(...)' to do CPU-bound work on a background thread. [/mnt/d/dev2/remotec/src/RemoteC.Api/RemoteC.Api.csproj]
/mnt/d/dev2/remotec/src/RemoteC.Api/Services/EdgeDeploymentService.cs(1045,57): error CS1503: Argument 1: cannot convert from 'RemoteC.Shared.Models.ConfigurationHistory' to 'RemoteC.Data.Entities.ConfigurationHistoryEntity' [/mnt/d/dev2/remotec/src/RemoteC.Api/RemoteC.Api.csproj]
/mnt/d/dev2/remotec/src/RemoteC.Api/Services/EdgeDeploymentService.cs(1070,20): error CS0029: Cannot implicitly convert type 'System.Collections.Generic.List<RemoteC.Data.Entities.ConfigurationHistoryEntity>' to 'System.Collections.Generic.List<RemoteC.Shared.Models.ConfigurationHistory>' [/mnt/d/dev2/remotec/src/RemoteC.Api/RemoteC.Api.csproj]
/mnt/d/dev2/remotec/src/RemoteC.Api/Services/EdgeDeploymentService.cs(1086,37): error CS1061: 'ConfigurationHistoryEntity' does not contain a definition for 'Changes' and no accessible extension method 'Changes' accepting a first argument of type 'ConfigurationHistoryEntity' could be found (are you missing a using directive or an assembly reference?) [/mnt/d/dev2/remotec/src/RemoteC.Api/RemoteC.Api.csproj]
/mnt/d/dev2/remotec/src/RemoteC.Api/Services/EdgeDeploymentService.cs(1199,52): warning CS8602: Dereference of a possibly null reference. [/mnt/d/dev2/remotec/src/RemoteC.Api/RemoteC.Api.csproj]
/mnt/d/dev2/remotec/src/RemoteC.Api/Services/IdentityProviderService.cs(693,50): warning CS1998: This async method lacks 'await' operators and will run synchronously. Consider using the 'await' operator to await non-blocking API calls, or 'await Task.Run(...)' to do CPU-bound work on a background thread. [/mnt/d/dev2/remotec/src/RemoteC.Api/RemoteC.Api.csproj]
/mnt/d/dev2/remotec/src/RemoteC.Api/Services/EdgeDeploymentService.cs(1269,37): warning CS8602: Dereference of a possibly null reference. [/mnt/d/dev2/remotec/src/RemoteC.Api/RemoteC.Api.csproj]
/mnt/d/dev2/remotec/src/RemoteC.Api/Services/EdgeDeploymentService.cs(1271,45): warning CS8602: Dereference of a possibly null reference. [/mnt/d/dev2/remotec/src/RemoteC.Api/RemoteC.Api.csproj]
/mnt/d/dev2/remotec/src/RemoteC.Api/Services/IdentityProviderService.cs(882,48): warning CS1998: This async method lacks 'await' operators and will run synchronously. Consider using the 'await' operator to await non-blocking API calls, or 'await Task.Run(...)' to do CPU-bound work on a background thread. [/mnt/d/dev2/remotec/src/RemoteC.Api/RemoteC.Api.csproj]
/mnt/d/dev2/remotec/src/RemoteC.Api/Services/IdentityProviderService.cs(1269,49): warning CS1998: This async method lacks 'await' operators and will run synchronously. Consider using the 'await' operator to await non-blocking API calls, or 'await Task.Run(...)' to do CPU-bound work on a background thread. [/mnt/d/dev2/remotec/src/RemoteC.Api/RemoteC.Api.csproj]
/mnt/d/dev2/remotec/src/RemoteC.Api/Services/AnalyticsService.cs(1059,31): warning CS8601: Possible null reference assignment. [/mnt/d/dev2/remotec/src/RemoteC.Api/RemoteC.Api.csproj]
/mnt/d/dev2/remotec/src/RemoteC.Api/Services/PolicyEngineService.cs(1929,43): warning CS8604: Possible null reference argument for parameter 'item' in 'bool List<string>.Contains(string item)'. [/mnt/d/dev2/remotec/src/RemoteC.Api/RemoteC.Api.csproj]
/mnt/d/dev2/remotec/src/RemoteC.Api/Services/BackgroundTaskQueue.cs(20,13): warning CA1510: Use 'ArgumentNullException.ThrowIfNull' instead of explicitly throwing a new exception instance (https://learn.microsoft.com/dotnet/fundamentals/code-analysis/quality-rules/ca1510) [/mnt/d/dev2/remotec/src/RemoteC.Api/RemoteC.Api.csproj]
/mnt/d/dev2/remotec/src/RemoteC.Api/Services/BackgroundTaskQueue.cs(81,64): warning CA1725: In member Task QueuedHostedService.StopAsync(CancellationToken stoppingToken), change parameter name stoppingToken to cancellationToken in order to match the identifier as it has been declared in Task BackgroundService.StopAsync(CancellationToken cancellationToken) (https://learn.microsoft.com/dotnet/fundamentals/code-analysis/quality-rules/ca1725) [/mnt/d/dev2/remotec/src/RemoteC.Api/RemoteC.Api.csproj]
/mnt/d/dev2/remotec/src/RemoteC.Api/Services/ComplianceService.cs(107,40): warning CA1861: Prefer 'static readonly' fields over constant array arguments if the called method is called repeatedly and is not mutating the passed array (https://learn.microsoft.com/dotnet/fundamentals/code-analysis/quality-rules/ca1861) [/mnt/d/dev2/remotec/src/RemoteC.Api/RemoteC.Api.csproj]
/mnt/d/dev2/remotec/src/RemoteC.Api/Services/ComplianceService.cs(115,40): warning CA1861: Prefer 'static readonly' fields over constant array arguments if the called method is called repeatedly and is not mutating the passed array (https://learn.microsoft.com/dotnet/fundamentals/code-analysis/quality-rules/ca1861) [/mnt/d/dev2/remotec/src/RemoteC.Api/RemoteC.Api.csproj]
/mnt/d/dev2/remotec/src/RemoteC.Api/Services/ComplianceService.cs(125,40): warning CA1861: Prefer 'static readonly' fields over constant array arguments if the called method is called repeatedly and is not mutating the passed array (https://learn.microsoft.com/dotnet/fundamentals/code-analysis/quality-rules/ca1861) [/mnt/d/dev2/remotec/src/RemoteC.Api/RemoteC.Api.csproj]
/mnt/d/dev2/remotec/src/RemoteC.Api/Services/ComplianceService.cs(133,40): warning CA1861: Prefer 'static readonly' fields over constant array arguments if the called method is called repeatedly and is not mutating the passed array (https://learn.microsoft.com/dotnet/fundamentals/code-analysis/quality-rules/ca1861) [/mnt/d/dev2/remotec/src/RemoteC.Api/RemoteC.Api.csproj]
/mnt/d/dev2/remotec/src/RemoteC.Api/Services/ComplianceService.cs(143,40): warning CA1861: Prefer 'static readonly' fields over constant array arguments if the called method is called repeatedly and is not mutating the passed array (https://learn.microsoft.com/dotnet/fundamentals/code-analysis/quality-rules/ca1861) [/mnt/d/dev2/remotec/src/RemoteC.Api/RemoteC.Api.csproj]
/mnt/d/dev2/remotec/src/RemoteC.Api/Services/ComplianceService.cs(153,40): warning CA1861: Prefer 'static readonly' fields over constant array arguments if the called method is called repeatedly and is not mutating the passed array (https://learn.microsoft.com/dotnet/fundamentals/code-analysis/quality-rules/ca1861) [/mnt/d/dev2/remotec/src/RemoteC.Api/RemoteC.Api.csproj]
/mnt/d/dev2/remotec/src/RemoteC.Api/Services/ComplianceService.cs(163,40): warning CA1861: Prefer 'static readonly' fields over constant array arguments if the called method is called repeatedly and is not mutating the passed array (https://learn.microsoft.com/dotnet/fundamentals/code-analysis/quality-rules/ca1861) [/mnt/d/dev2/remotec/src/RemoteC.Api/RemoteC.Api.csproj]
/mnt/d/dev2/remotec/src/RemoteC.Api/Services/EncryptionService.cs(66,24): warning CA1850: Prefer static 'System.Security.Cryptography.SHA256.HashData' method over 'ComputeHash' (https://learn.microsoft.com/dotnet/fundamentals/code-analysis/quality-rules/ca1850) [/mnt/d/dev2/remotec/src/RemoteC.Api/RemoteC.Api.csproj]
/mnt/d/dev2/remotec/src/RemoteC.Api/Services/FileTransferService.cs(196,79): warning CA1725: In member Task<FileChunk?> FileTransferService.DownloadChunkAsync(Guid transferId, int chunkNumber), change parameter name chunkNumber to chunkIndex in order to match the identifier as it has been declared in Task<FileChunk?> IFileTransferService.DownloadChunkAsync(Guid transferId, int chunkIndex) (https://learn.microsoft.com/dotnet/fundamentals/code-analysis/quality-rules/ca1725) [/mnt/d/dev2/remotec/src/RemoteC.Api/RemoteC.Api.csproj]
/mnt/d/dev2/remotec/src/RemoteC.Api/Services/ComplianceService.cs(230,40): warning CA1861: Prefer 'static readonly' fields over constant array arguments if the called method is called repeatedly and is not mutating the passed array (https://learn.microsoft.com/dotnet/fundamentals/code-analysis/quality-rules/ca1861) [/mnt/d/dev2/remotec/src/RemoteC.Api/RemoteC.Api.csproj]
/mnt/d/dev2/remotec/src/RemoteC.Api/Services/ComplianceService.cs(243,40): warning CA1861: Prefer 'static readonly' fields over constant array arguments if the called method is called repeatedly and is not mutating the passed array (https://learn.microsoft.com/dotnet/fundamentals/code-analysis/quality-rules/ca1861) [/mnt/d/dev2/remotec/src/RemoteC.Api/RemoteC.Api.csproj]
/mnt/d/dev2/remotec/src/RemoteC.Api/Services/ComplianceService.cs(257,40): warning CA1861: Prefer 'static readonly' fields over constant array arguments if the called method is called repeatedly and is not mutating the passed array (https://learn.microsoft.com/dotnet/fundamentals/code-analysis/quality-rules/ca1861) [/mnt/d/dev2/remotec/src/RemoteC.Api/RemoteC.Api.csproj]
/mnt/d/dev2/remotec/src/RemoteC.Api/Services/FileTransferService.cs(223,23): warning CA1835: Change the 'ReadAsync' method call to use the 'Stream.ReadAsync(Memory<byte>, CancellationToken)' overload (https://learn.microsoft.com/dotnet/fundamentals/code-analysis/quality-rules/ca1835) [/mnt/d/dev2/remotec/src/RemoteC.Api/RemoteC.Api.csproj]
/mnt/d/dev2/remotec/src/RemoteC.Api/Services/ComplianceService.cs(412,40): warning CA1861: Prefer 'static readonly' fields over constant array arguments if the called method is called repeatedly and is not mutating the passed array (https://learn.microsoft.com/dotnet/fundamentals/code-analysis/quality-rules/ca1861) [/mnt/d/dev2/remotec/src/RemoteC.Api/RemoteC.Api.csproj]
/mnt/d/dev2/remotec/src/RemoteC.Api/Services/ComplianceService.cs(425,40): warning CA1861: Prefer 'static readonly' fields over constant array arguments if the called method is called repeatedly and is not mutating the passed array (https://learn.microsoft.com/dotnet/fundamentals/code-analysis/quality-rules/ca1861) [/mnt/d/dev2/remotec/src/RemoteC.Api/RemoteC.Api.csproj]
/mnt/d/dev2/remotec/src/RemoteC.Api/Services/ComplianceService.cs(438,40): warning CA1861: Prefer 'static readonly' fields over constant array arguments if the called method is called repeatedly and is not mutating the passed array (https://learn.microsoft.com/dotnet/fundamentals/code-analysis/quality-rules/ca1861) [/mnt/d/dev2/remotec/src/RemoteC.Api/RemoteC.Api.csproj]
/mnt/d/dev2/remotec/src/RemoteC.Api/Services/FileTransferService.cs(301,24): warning CA1850: Prefer static 'System.Security.Cryptography.SHA256.HashData' method over 'ComputeHash' (https://learn.microsoft.com/dotnet/fundamentals/code-analysis/quality-rules/ca1850) [/mnt/d/dev2/remotec/src/RemoteC.Api/RemoteC.Api.csproj]
/mnt/d/dev2/remotec/src/RemoteC.Api/Services/E2EEncryptionService.cs(178,39): warning CA1835: Change the 'ReadAsync' method call to use the 'Stream.ReadAsync(Memory<byte>, CancellationToken)' overload (https://learn.microsoft.com/dotnet/fundamentals/code-analysis/quality-rules/ca1835) [/mnt/d/dev2/remotec/src/RemoteC.Api/RemoteC.Api.csproj]
/mnt/d/dev2/remotec/src/RemoteC.Api/Services/E2EEncryptionService.cs(195,23): warning CA1835: Change the 'WriteAsync' method call to use the 'Stream.WriteAsync(ReadOnlyMemory<byte>, CancellationToken)' overload (https://learn.microsoft.com/dotnet/fundamentals/code-analysis/quality-rules/ca1835) [/mnt/d/dev2/remotec/src/RemoteC.Api/RemoteC.Api.csproj]
/mnt/d/dev2/remotec/src/RemoteC.Api/Services/E2EEncryptionService.cs(196,23): warning CA1835: Change the 'WriteAsync' method call to use the 'Stream.WriteAsync(ReadOnlyMemory<byte>, CancellationToken)' overload (https://learn.microsoft.com/dotnet/fundamentals/code-analysis/quality-rules/ca1835) [/mnt/d/dev2/remotec/src/RemoteC.Api/RemoteC.Api.csproj]
/mnt/d/dev2/remotec/src/RemoteC.Api/Services/E2EEncryptionService.cs(197,23): warning CA1835: Change the 'WriteAsync' method call to use the 'Stream.WriteAsync(ReadOnlyMemory<byte>, CancellationToken)' overload (https://learn.microsoft.com/dotnet/fundamentals/code-analysis/quality-rules/ca1835) [/mnt/d/dev2/remotec/src/RemoteC.Api/RemoteC.Api.csproj]
/mnt/d/dev2/remotec/src/RemoteC.Api/Middleware/AuditMiddleware.cs(351,20): warning CA1845: Use span-based 'string.Concat' and 'AsSpan' instead of 'Substring' (https://learn.microsoft.com/dotnet/fundamentals/code-analysis/quality-rules/ca1845) [/mnt/d/dev2/remotec/src/RemoteC.Api/RemoteC.Api.csproj]
/mnt/d/dev2/remotec/src/RemoteC.Api/Services/E2EEncryptionService.cs(229,39): warning CA1835: Change the 'ReadAsync' method call to use the 'Stream.ReadAsync(Memory<byte>, CancellationToken)' overload (https://learn.microsoft.com/dotnet/fundamentals/code-analysis/quality-rules/ca1835) [/mnt/d/dev2/remotec/src/RemoteC.Api/RemoteC.Api.csproj]
/mnt/d/dev2/remotec/src/RemoteC.Api/Services/E2EEncryptionService.cs(236,35): warning CA1835: Change the 'ReadAsync' method call to use the 'Stream.ReadAsync(Memory<byte>, CancellationToken)' overload (https://learn.microsoft.com/dotnet/fundamentals/code-analysis/quality-rules/ca1835) [/mnt/d/dev2/remotec/src/RemoteC.Api/RemoteC.Api.csproj]
/mnt/d/dev2/remotec/src/RemoteC.Api/Services/E2EEncryptionService.cs(241,35): warning CA1835: Change the 'ReadAsync' method call to use the 'Stream.ReadAsync(Memory<byte>, CancellationToken)' overload (https://learn.microsoft.com/dotnet/fundamentals/code-analysis/quality-rules/ca1835) [/mnt/d/dev2/remotec/src/RemoteC.Api/RemoteC.Api.csproj]
/mnt/d/dev2/remotec/src/RemoteC.Api/Services/E2EEncryptionService.cs(256,23): warning CA1835: Change the 'WriteAsync' method call to use the 'Stream.WriteAsync(ReadOnlyMemory<byte>, CancellationToken)' overload (https://learn.microsoft.com/dotnet/fundamentals/code-analysis/quality-rules/ca1835) [/mnt/d/dev2/remotec/src/RemoteC.Api/RemoteC.Api.csproj]
/mnt/d/dev2/remotec/src/RemoteC.Api/Services/FileTransferService.cs(369,27): warning CA1835: Change the 'WriteAsync' method call to use the 'Stream.WriteAsync(ReadOnlyMemory<byte>, CancellationToken)' overload (https://learn.microsoft.com/dotnet/fundamentals/code-analysis/quality-rules/ca1835) [/mnt/d/dev2/remotec/src/RemoteC.Api/RemoteC.Api.csproj]
/mnt/d/dev2/remotec/src/RemoteC.Api/Services/FileTransferService.cs(398,23): warning CA1835: Change the 'WriteAsync' method call to use the 'Stream.WriteAsync(ReadOnlyMemory<byte>, CancellationToken)' overload (https://learn.microsoft.com/dotnet/fundamentals/code-analysis/quality-rules/ca1835) [/mnt/d/dev2/remotec/src/RemoteC.Api/RemoteC.Api.csproj]
/mnt/d/dev2/remotec/src/RemoteC.Api/Services/AnalyticsService.cs(115,38): warning CA1829: Use the "Count" property instead of Enumerable.Count() (https://learn.microsoft.com/dotnet/fundamentals/code-analysis/quality-rules/ca1829) [/mnt/d/dev2/remotec/src/RemoteC.Api/RemoteC.Api.csproj]
/mnt/d/dev2/remotec/src/RemoteC.Api/Program.cs(217,41): warning CA1861: Prefer 'static readonly' fields over constant array arguments if the called method is called repeatedly and is not mutating the passed array (https://learn.microsoft.com/dotnet/fundamentals/code-analysis/quality-rules/ca1861) [/mnt/d/dev2/remotec/src/RemoteC.Api/RemoteC.Api.csproj]
/mnt/d/dev2/remotec/src/RemoteC.Api/Program.cs(218,43): warning CA1861: Prefer 'static readonly' fields over constant array arguments if the called method is called repeatedly and is not mutating the passed array (https://learn.microsoft.com/dotnet/fundamentals/code-analysis/quality-rules/ca1861) [/mnt/d/dev2/remotec/src/RemoteC.Api/RemoteC.Api.csproj]
/mnt/d/dev2/remotec/src/RemoteC.Api/Services/PinService.cs(169,24): warning CA1830: Remove the ToString call in order to use a strongly-typed StringBuilder overload (https://learn.microsoft.com/dotnet/fundamentals/code-analysis/quality-rules/ca1830) [/mnt/d/dev2/remotec/src/RemoteC.Api/RemoteC.Api.csproj]
/mnt/d/dev2/remotec/src/RemoteC.Api/Services/PinService.cs(178,27): warning CA1850: Prefer static 'System.Security.Cryptography.SHA256.HashData' method over 'ComputeHash' (https://learn.microsoft.com/dotnet/fundamentals/code-analysis/quality-rules/ca1850) [/mnt/d/dev2/remotec/src/RemoteC.Api/RemoteC.Api.csproj]
/mnt/d/dev2/remotec/src/RemoteC.Api/Services/IdentityProviderService.cs(237,34): warning CA1845: Use span-based 'string.Concat' and 'AsSpan' instead of 'Substring' (https://learn.microsoft.com/dotnet/fundamentals/code-analysis/quality-rules/ca1845) [/mnt/d/dev2/remotec/src/RemoteC.Api/RemoteC.Api.csproj]
/mnt/d/dev2/remotec/src/RemoteC.Api/Services/EdgeDeploymentService.cs(841,33): warning CA1825: Avoid unnecessary zero-length array allocations.  Use Array.Empty<int>() instead. (https://learn.microsoft.com/dotnet/fundamentals/code-analysis/quality-rules/ca1825) [/mnt/d/dev2/remotec/src/RemoteC.Api/RemoteC.Api.csproj]
/mnt/d/dev2/remotec/src/RemoteC.Api/Services/AuditService.cs(417,13): warning CA1510: Use 'ArgumentNullException.ThrowIfNull' instead of explicitly throwing a new exception instance (https://learn.microsoft.com/dotnet/fundamentals/code-analysis/quality-rules/ca1510) [/mnt/d/dev2/remotec/src/RemoteC.Api/RemoteC.Api.csproj]
/mnt/d/dev2/remotec/src/RemoteC.Api/Services/IdentityProviderService.cs(322,42): warning CA1861: Prefer 'static readonly' fields over constant array arguments if the called method is called repeatedly and is not mutating the passed array (https://learn.microsoft.com/dotnet/fundamentals/code-analysis/quality-rules/ca1861) [/mnt/d/dev2/remotec/src/RemoteC.Api/RemoteC.Api.csproj]
/mnt/d/dev2/remotec/src/RemoteC.Api/Services/IdentityProviderService.cs(323,42): warning CA1861: Prefer 'static readonly' fields over constant array arguments if the called method is called repeatedly and is not mutating the passed array (https://learn.microsoft.com/dotnet/fundamentals/code-analysis/quality-rules/ca1861) [/mnt/d/dev2/remotec/src/RemoteC.Api/RemoteC.Api.csproj]
/mnt/d/dev2/remotec/src/RemoteC.Api/Services/IdentityProviderService.cs(325,41): warning CA1861: Prefer 'static readonly' fields over constant array arguments if the called method is called repeatedly and is not mutating the passed array (https://learn.microsoft.com/dotnet/fundamentals/code-analysis/quality-rules/ca1861) [/mnt/d/dev2/remotec/src/RemoteC.Api/RemoteC.Api.csproj]
/mnt/d/dev2/remotec/src/RemoteC.Api/Services/IdentityProviderService.cs(327,53): warning CA1861: Prefer 'static readonly' fields over constant array arguments if the called method is called repeatedly and is not mutating the passed array (https://learn.microsoft.com/dotnet/fundamentals/code-analysis/quality-rules/ca1861) [/mnt/d/dev2/remotec/src/RemoteC.Api/RemoteC.Api.csproj]
/mnt/d/dev2/remotec/src/RemoteC.Api/Services/IdentityProviderService.cs(328,35): warning CA1861: Prefer 'static readonly' fields over constant array arguments if the called method is called repeatedly and is not mutating the passed array (https://learn.microsoft.com/dotnet/fundamentals/code-analysis/quality-rules/ca1861) [/mnt/d/dev2/remotec/src/RemoteC.Api/RemoteC.Api.csproj]
/mnt/d/dev2/remotec/src/RemoteC.Api/Services/IdentityProviderService.cs(1366,32): warning CA1850: Prefer static 'System.Security.Cryptography.SHA256.HashData' method over 'ComputeHash' (https://learn.microsoft.com/dotnet/fundamentals/code-analysis/quality-rules/ca1850) [/mnt/d/dev2/remotec/src/RemoteC.Api/RemoteC.Api.csproj]
/mnt/d/dev2/remotec/src/RemoteC.Api/Services/PolicyEngineService.cs(1122,43): warning CA1847: Use 'string.Contains(char)' instead of 'string.Contains(string)' when searching for a single character (https://learn.microsoft.com/dotnet/fundamentals/code-analysis/quality-rules/ca1847) [/mnt/d/dev2/remotec/src/RemoteC.Api/RemoteC.Api.csproj]
/mnt/d/dev2/remotec/src/RemoteC.Api/Services/PolicyEngineService.cs(1803,39): warning CA1866: Use 'string.StartsWith(char)' instead of 'string.StartsWith(string)' when you have a string with a single char (https://learn.microsoft.com/dotnet/fundamentals/code-analysis/quality-rules/ca1866) [/mnt/d/dev2/remotec/src/RemoteC.Api/RemoteC.Api.csproj]
/mnt/d/dev2/remotec/src/RemoteC.Api/Services/PolicyEngineService.cs(1804,37): warning CA1866: Use 'string.EndsWith(char)' instead of 'string.EndsWith(string)' when you have a string with a single char (https://learn.microsoft.com/dotnet/fundamentals/code-analysis/quality-rules/ca1866) [/mnt/d/dev2/remotec/src/RemoteC.Api/RemoteC.Api.csproj]

Build FAILED.

/mnt/d/dev2/remotec/src/RemoteC.Host/RemoteC.Host.csproj : warning NU1603: RemoteC.Host depends on ScreenCapture.NET (>= 1.0.4) but ScreenCapture.NET 1.0.4 was not found. An approximate best match of ScreenCapture.NET 1.1.0 was resolved. [/mnt/d/dev2/remotec/RemoteC.sln]
/mnt/d/dev2/remotec/src/RemoteC.Host/RemoteC.Host.csproj : warning NU1603: RemoteC.Host depends on Serilog.Sinks.File (>= 5.1.0) but Serilog.Sinks.File 5.1.0 was not found. An approximate best match of Serilog.Sinks.File 6.0.0 was resolved. [/mnt/d/dev2/remotec/RemoteC.sln]
/mnt/d/dev2/remotec/src/RemoteC.Host/RemoteC.Host.csproj : warning NU1701: Package 'InputSimulator 1.0.4' was restored using '.NETFramework,Version=v4.6.1, .NETFramework,Version=v4.6.2, .NETFramework,Version=v4.7, .NETFramework,Version=v4.7.1, .NETFramework,Version=v4.7.2, .NETFramework,Version=v4.8, .NETFramework,Version=v4.8.1' instead of the project target framework 'net8.0'. This package may not be fully compatible with your project. [/mnt/d/dev2/remotec/RemoteC.sln]
/mnt/d/dev2/remotec/tests/RemoteC.Tests.Unit/RemoteC.Tests.Unit.csproj : warning NU1603: RemoteC.Host depends on ScreenCapture.NET (>= 1.0.4) but ScreenCapture.NET 1.0.4 was not found. An approximate best match of ScreenCapture.NET 1.1.0 was resolved. [/mnt/d/dev2/remotec/RemoteC.sln]
/mnt/d/dev2/remotec/tests/RemoteC.Tests.Unit/RemoteC.Tests.Unit.csproj : warning NU1603: RemoteC.Host depends on Serilog.Sinks.File (>= 5.1.0) but Serilog.Sinks.File 5.1.0 was not found. An approximate best match of Serilog.Sinks.File 6.0.0 was resolved. [/mnt/d/dev2/remotec/RemoteC.sln]
/mnt/d/dev2/remotec/tests/RemoteC.Tests.Unit/RemoteC.Tests.Unit.csproj : warning NU1701: Package 'InputSimulator 1.0.4' was restored using '.NETFramework,Version=v4.6.1, .NETFramework,Version=v4.6.2, .NETFramework,Version=v4.7, .NETFramework,Version=v4.7.1, .NETFramework,Version=v4.7.2, .NETFramework,Version=v4.8, .NETFramework,Version=v4.8.1' instead of the project target framework 'net8.0'. This package may not be fully compatible with your project. [/mnt/d/dev2/remotec/RemoteC.sln]
/mnt/d/dev2/remotec/src/RemoteC.Host/RemoteC.Host.csproj : warning NU1603: RemoteC.Host depends on ScreenCapture.NET (>= 1.0.4) but ScreenCapture.NET 1.0.4 was not found. An approximate best match of ScreenCapture.NET 1.1.0 was resolved.
/mnt/d/dev2/remotec/src/RemoteC.Host/RemoteC.Host.csproj : warning NU1603: RemoteC.Host depends on Serilog.Sinks.File (>= 5.1.0) but Serilog.Sinks.File 5.1.0 was not found. An approximate best match of Serilog.Sinks.File 6.0.0 was resolved.
/mnt/d/dev2/remotec/src/RemoteC.Host/RemoteC.Host.csproj : warning NU1701: Package 'InputSimulator 1.0.4' was restored using '.NETFramework,Version=v4.6.1, .NETFramework,Version=v4.6.2, .NETFramework,Version=v4.7, .NETFramework,Version=v4.7.1, .NETFramework,Version=v4.7.2, .NETFramework,Version=v4.8, .NETFramework,Version=v4.8.1' instead of the project target framework 'net8.0'. This package may not be fully compatible with your project.
/mnt/d/dev2/remotec/tests/RemoteC.Tests.Unit/RemoteC.Tests.Unit.csproj : warning NU1603: RemoteC.Host depends on ScreenCapture.NET (>= 1.0.4) but ScreenCapture.NET 1.0.4 was not found. An approximate best match of ScreenCapture.NET 1.1.0 was resolved.
/mnt/d/dev2/remotec/tests/RemoteC.Tests.Unit/RemoteC.Tests.Unit.csproj : warning NU1603: RemoteC.Host depends on Serilog.Sinks.File (>= 5.1.0) but Serilog.Sinks.File 5.1.0 was not found. An approximate best match of Serilog.Sinks.File 6.0.0 was resolved.
/mnt/d/dev2/remotec/tests/RemoteC.Tests.Unit/RemoteC.Tests.Unit.csproj : warning NU1701: Package 'InputSimulator 1.0.4' was restored using '.NETFramework,Version=v4.6.1, .NETFramework,Version=v4.6.2, .NETFramework,Version=v4.7, .NETFramework,Version=v4.7.1, .NETFramework,Version=v4.7.2, .NETFramework,Version=v4.8, .NETFramework,Version=v4.8.1' instead of the project target framework 'net8.0'. This package may not be fully compatible with your project.
/mnt/d/dev2/remotec/src/RemoteC.Host/Services/ScreenCaptureService.cs(106,17): warning CS0219: The variable 'index' is assigned but its value is never used [/mnt/d/dev2/remotec/src/RemoteC.Host/RemoteC.Host.csproj]
/mnt/d/dev2/remotec/src/RemoteC.Host/Services/RemoteControlHostService.cs(258,24): warning CS1998: This async method lacks 'await' operators and will run synchronously. Consider using the 'await' operator to await non-blocking API calls, or 'await Task.Run(...)' to do CPU-bound work on a background thread. [/mnt/d/dev2/remotec/src/RemoteC.Host/RemoteC.Host.csproj]
/mnt/d/dev2/remotec/src/RemoteC.Host/Services/ScreenCaptureService.cs(172,9): warning CA1416: This call site is reachable on all platforms. 'EncoderParameters.Param' is only supported on: 'windows' 6.1 and later. (https://learn.microsoft.com/dotnet/fundamentals/code-analysis/quality-rules/ca1416) [/mnt/d/dev2/remotec/src/RemoteC.Host/RemoteC.Host.csproj]
/mnt/d/dev2/remotec/src/RemoteC.Host/Services/ScreenCaptureService.cs(153,36): warning CA1416: This call site is reachable on all platforms. 'Bitmap' is only supported on: 'windows' 6.1 and later. (https://learn.microsoft.com/dotnet/fundamentals/code-analysis/quality-rules/ca1416) [/mnt/d/dev2/remotec/src/RemoteC.Host/RemoteC.Host.csproj]
/mnt/d/dev2/remotec/src/RemoteC.Host/Services/ScreenCaptureService.cs(189,43): warning CA1416: This call site is reachable on all platforms. 'ImageCodecInfo.MimeType' is only supported on: 'windows' 6.1 and later. (https://learn.microsoft.com/dotnet/fundamentals/code-analysis/quality-rules/ca1416) [/mnt/d/dev2/remotec/src/RemoteC.Host/RemoteC.Host.csproj]
/mnt/d/dev2/remotec/src/RemoteC.Host/Services/ScreenCaptureService.cs(199,28): warning CA1416: This call site is reachable on all platforms. 'Image.Dispose()' is only supported on: 'windows' 6.1 and later. (https://learn.microsoft.com/dotnet/fundamentals/code-analysis/quality-rules/ca1416) [/mnt/d/dev2/remotec/src/RemoteC.Host/RemoteC.Host.csproj]
/mnt/d/dev2/remotec/src/RemoteC.Host/Services/ScreenCaptureService.cs(189,16): warning CA1416: This call site is reachable on all platforms. 'ImageCodecInfo' is only supported on: 'windows' 6.1 and later. (https://learn.microsoft.com/dotnet/fundamentals/code-analysis/quality-rules/ca1416) [/mnt/d/dev2/remotec/src/RemoteC.Host/RemoteC.Host.csproj]
/mnt/d/dev2/remotec/src/RemoteC.Host/Services/StubServices.cs(88,54): warning CA1416: This call site is reachable on all platforms. 'PerformanceCounter.NextValue()' is only supported on: 'windows'. (https://learn.microsoft.com/dotnet/fundamentals/code-analysis/quality-rules/ca1416) [/mnt/d/dev2/remotec/src/RemoteC.Host/RemoteC.Host.csproj]
/mnt/d/dev2/remotec/src/RemoteC.Host/Services/StubServices.cs(64,30): warning CA1416: This call site is reachable on all platforms. 'PerformanceCounter' is only supported on: 'windows'. (https://learn.microsoft.com/dotnet/fundamentals/code-analysis/quality-rules/ca1416) [/mnt/d/dev2/remotec/src/RemoteC.Host/RemoteC.Host.csproj]
/mnt/d/dev2/remotec/src/RemoteC.Host/Services/StubServices.cs(101,50): warning CA1416: This call site is reachable on all platforms. 'PerformanceCounter.NextValue()' is only supported on: 'windows'. (https://learn.microsoft.com/dotnet/fundamentals/code-analysis/quality-rules/ca1416) [/mnt/d/dev2/remotec/src/RemoteC.Host/RemoteC.Host.csproj]
/mnt/d/dev2/remotec/src/RemoteC.Host/Services/ScreenCaptureService.cs(171,29): warning CA1416: This call site is reachable on all platforms. 'EncoderParameters' is only supported on: 'windows' 6.1 and later. (https://learn.microsoft.com/dotnet/fundamentals/code-analysis/quality-rules/ca1416) [/mnt/d/dev2/remotec/src/RemoteC.Host/RemoteC.Host.csproj]
/mnt/d/dev2/remotec/src/RemoteC.Host/Services/ScreenCaptureService.cs(190,16): warning CA1416: This call site is reachable on all platforms. 'ImageCodecInfo' is only supported on: 'windows' 6.1 and later. (https://learn.microsoft.com/dotnet/fundamentals/code-analysis/quality-rules/ca1416) [/mnt/d/dev2/remotec/src/RemoteC.Host/RemoteC.Host.csproj]
/mnt/d/dev2/remotec/src/RemoteC.Host/Services/StubServices.cs(63,27): warning CA1416: This call site is reachable on all platforms. 'PerformanceCounter' is only supported on: 'windows'. (https://learn.microsoft.com/dotnet/fundamentals/code-analysis/quality-rules/ca1416) [/mnt/d/dev2/remotec/src/RemoteC.Host/RemoteC.Host.csproj]
/mnt/d/dev2/remotec/src/RemoteC.Host/Services/ScreenCaptureService.cs(156,17): warning CA1416: This call site is reachable on all platforms. 'Graphics.InterpolationMode' is only supported on: 'windows' 6.1 and later. (https://learn.microsoft.com/dotnet/fundamentals/code-analysis/quality-rules/ca1416) [/mnt/d/dev2/remotec/src/RemoteC.Host/RemoteC.Host.csproj]
/mnt/d/dev2/remotec/src/RemoteC.Host/Services/ScreenCaptureService.cs(180,22): warning CA1416: This call site is reachable on all platforms. 'ImageCodecInfo.GetImageEncoders()' is only supported on: 'windows' 6.1 and later. (https://learn.microsoft.com/dotnet/fundamentals/code-analysis/quality-rules/ca1416) [/mnt/d/dev2/remotec/src/RemoteC.Host/RemoteC.Host.csproj]
/mnt/d/dev2/remotec/src/RemoteC.Host/Services/ScreenCaptureService.cs(152,39): warning CA1416: This call site is reachable on all platforms. 'Image.Height' is only supported on: 'windows' 6.1 and later. (https://learn.microsoft.com/dotnet/fundamentals/code-analysis/quality-rules/ca1416) [/mnt/d/dev2/remotec/src/RemoteC.Host/RemoteC.Host.csproj]
/mnt/d/dev2/remotec/src/RemoteC.Host/Services/ScreenCaptureService.cs(190,34): warning CA1416: This call site is reachable on all platforms. 'ImageCodecInfo.MimeType' is only supported on: 'windows' 6.1 and later. (https://learn.microsoft.com/dotnet/fundamentals/code-analysis/quality-rules/ca1416) [/mnt/d/dev2/remotec/src/RemoteC.Host/RemoteC.Host.csproj]
/mnt/d/dev2/remotec/src/RemoteC.Host/Services/ScreenCaptureService.cs(172,55): warning CA1416: This call site is reachable on all platforms. 'Encoder.Quality' is only supported on: 'windows' 6.1 and later. (https://learn.microsoft.com/dotnet/fundamentals/code-analysis/quality-rules/ca1416) [/mnt/d/dev2/remotec/src/RemoteC.Host/RemoteC.Host.csproj]
/mnt/d/dev2/remotec/src/RemoteC.Host/Services/ScreenCaptureService.cs(154,31): warning CA1416: This call site is reachable on all platforms. 'Graphics.FromImage(Image)' is only supported on: 'windows' 6.1 and later. (https://learn.microsoft.com/dotnet/fundamentals/code-analysis/quality-rules/ca1416) [/mnt/d/dev2/remotec/src/RemoteC.Host/RemoteC.Host.csproj]
/mnt/d/dev2/remotec/src/RemoteC.Host/Services/ScreenCaptureService.cs(172,34): warning CA1416: This call site is reachable on all platforms. 'EncoderParameter' is only supported on: 'windows' 6.1 and later. (https://learn.microsoft.com/dotnet/fundamentals/code-analysis/quality-rules/ca1416) [/mnt/d/dev2/remotec/src/RemoteC.Host/RemoteC.Host.csproj]
/mnt/d/dev2/remotec/src/RemoteC.Host/Services/ScreenCaptureService.cs(151,38): warning CA1416: This call site is reachable on all platforms. 'Image.Width' is only supported on: 'windows' 6.1 and later. (https://learn.microsoft.com/dotnet/fundamentals/code-analysis/quality-rules/ca1416) [/mnt/d/dev2/remotec/src/RemoteC.Host/RemoteC.Host.csproj]
/mnt/d/dev2/remotec/src/RemoteC.Host/Services/ScreenCaptureService.cs(174,9): warning CA1416: This call site is reachable on all platforms. 'Image.Save(Stream, ImageCodecInfo, EncoderParameters?)' is only supported on: 'windows' 6.1 and later. (https://learn.microsoft.com/dotnet/fundamentals/code-analysis/quality-rules/ca1416) [/mnt/d/dev2/remotec/src/RemoteC.Host/RemoteC.Host.csproj]
/mnt/d/dev2/remotec/src/RemoteC.Host/Services/ScreenCaptureService.cs(156,39): warning CA1416: This call site is reachable on all platforms. 'InterpolationMode.HighQualityBicubic' is only supported on: 'windows' 6.1 and later. (https://learn.microsoft.com/dotnet/fundamentals/code-analysis/quality-rules/ca1416) [/mnt/d/dev2/remotec/src/RemoteC.Host/RemoteC.Host.csproj]
/mnt/d/dev2/remotec/src/RemoteC.Host/Services/ScreenCaptureService.cs(146,32): warning CA1416: This call site is reachable on all platforms. 'Bitmap' is only supported on: 'windows' 6.1 and later. (https://learn.microsoft.com/dotnet/fundamentals/code-analysis/quality-rules/ca1416) [/mnt/d/dev2/remotec/src/RemoteC.Host/RemoteC.Host.csproj]
/mnt/d/dev2/remotec/src/RemoteC.Host/Services/ScreenCaptureService.cs(157,17): warning CA1416: This call site is reachable on all platforms. 'Graphics.DrawImage(Image, int, int, int, int)' is only supported on: 'windows' 6.1 and later. (https://learn.microsoft.com/dotnet/fundamentals/code-analysis/quality-rules/ca1416) [/mnt/d/dev2/remotec/src/RemoteC.Host/RemoteC.Host.csproj]
/mnt/d/dev2/remotec/src/RemoteC.Api/Services/ComplianceService.cs(417,18): warning CS8602: Dereference of a possibly null reference. [/mnt/d/dev2/remotec/src/RemoteC.Api/RemoteC.Api.csproj]
/mnt/d/dev2/remotec/src/RemoteC.Api/Services/FileTransferService.cs(332,39): warning CS1998: This async method lacks 'await' operators and will run synchronously. Consider using the 'await' operator to await non-blocking API calls, or 'await Task.Run(...)' to do CPU-bound work on a background thread. [/mnt/d/dev2/remotec/src/RemoteC.Api/RemoteC.Api.csproj]
/mnt/d/dev2/remotec/src/RemoteC.Api/Services/EdgeDeploymentService.cs(439,29): warning CS8601: Possible null reference assignment. [/mnt/d/dev2/remotec/src/RemoteC.Api/RemoteC.Api.csproj]
/mnt/d/dev2/remotec/src/RemoteC.Api/Services/ComplianceService.cs(654,17): warning CS8625: Cannot convert null literal to non-nullable reference type. [/mnt/d/dev2/remotec/src/RemoteC.Api/RemoteC.Api.csproj]
/mnt/d/dev2/remotec/src/RemoteC.Api/Services/EdgeDeploymentService.cs(484,66): warning CS8602: Dereference of a possibly null reference. [/mnt/d/dev2/remotec/src/RemoteC.Api/RemoteC.Api.csproj]
/mnt/d/dev2/remotec/src/RemoteC.Api/Services/ComplianceService.cs(727,28): warning CS8602: Dereference of a possibly null reference. [/mnt/d/dev2/remotec/src/RemoteC.Api/RemoteC.Api.csproj]
/mnt/d/dev2/remotec/src/RemoteC.Api/Services/ComplianceService.cs(731,28): warning CS8602: Dereference of a possibly null reference. [/mnt/d/dev2/remotec/src/RemoteC.Api/RemoteC.Api.csproj]
/mnt/d/dev2/remotec/src/RemoteC.Api/Services/ComplianceService.cs(735,28): warning CS8602: Dereference of a possibly null reference. [/mnt/d/dev2/remotec/src/RemoteC.Api/RemoteC.Api.csproj]
/mnt/d/dev2/remotec/src/RemoteC.Api/Services/ComplianceService.cs(738,28): warning CS8602: Dereference of a possibly null reference. [/mnt/d/dev2/remotec/src/RemoteC.Api/RemoteC.Api.csproj]
/mnt/d/dev2/remotec/src/RemoteC.Api/Services/ComplianceService.cs(741,28): warning CS8602: Dereference of a possibly null reference. [/mnt/d/dev2/remotec/src/RemoteC.Api/RemoteC.Api.csproj]
/mnt/d/dev2/remotec/src/RemoteC.Api/Services/ComplianceService.cs(744,28): warning CS8602: Dereference of a possibly null reference. [/mnt/d/dev2/remotec/src/RemoteC.Api/RemoteC.Api.csproj]
/mnt/d/dev2/remotec/src/RemoteC.Api/Services/ComplianceService.cs(722,34): warning CS1998: This async method lacks 'await' operators and will run synchronously. Consider using the 'await' operator to await non-blocking API calls, or 'await Task.Run(...)' to do CPU-bound work on a background thread. [/mnt/d/dev2/remotec/src/RemoteC.Api/RemoteC.Api.csproj]
/mnt/d/dev2/remotec/src/RemoteC.Api/Services/SessionRecordingService.cs(121,21): warning CS8604: Possible null reference argument for parameter 'keyId' in 'Task<byte[]> IEncryptionService.EncryptAsync(byte[] data, string keyId)'. [/mnt/d/dev2/remotec/src/RemoteC.Api/RemoteC.Api.csproj]
/mnt/d/dev2/remotec/src/RemoteC.Api/Services/PinService.cs(469,29): warning CS1998: This async method lacks 'await' operators and will run synchronously. Consider using the 'await' operator to await non-blocking API calls, or 'await Task.Run(...)' to do CPU-bound work on a background thread. [/mnt/d/dev2/remotec/src/RemoteC.Api/RemoteC.Api.csproj]
/mnt/d/dev2/remotec/src/RemoteC.Api/Services/SessionRecordingService.cs(274,35): warning CS8601: Possible null reference assignment. [/mnt/d/dev2/remotec/src/RemoteC.Api/RemoteC.Api.csproj]
/mnt/d/dev2/remotec/src/RemoteC.Api/Services/IdentityProviderService.cs(254,55): warning CS1998: This async method lacks 'await' operators and will run synchronously. Consider using the 'await' operator to await non-blocking API calls, or 'await Task.Run(...)' to do CPU-bound work on a background thread. [/mnt/d/dev2/remotec/src/RemoteC.Api/RemoteC.Api.csproj]
/mnt/d/dev2/remotec/src/RemoteC.Api/Services/SessionRecordingService.cs(444,28): warning CS8600: Converting null literal or possible null value to non-nullable type. [/mnt/d/dev2/remotec/src/RemoteC.Api/RemoteC.Api.csproj]
/mnt/d/dev2/remotec/src/RemoteC.Api/Services/IdentityProviderService.cs(383,52): warning CS1998: This async method lacks 'await' operators and will run synchronously. Consider using the 'await' operator to await non-blocking API calls, or 'await Task.Run(...)' to do CPU-bound work on a background thread. [/mnt/d/dev2/remotec/src/RemoteC.Api/RemoteC.Api.csproj]
/mnt/d/dev2/remotec/src/RemoteC.Api/Services/AuditService.cs(736,36): warning CS1998: This async method lacks 'await' operators and will run synchronously. Consider using the 'await' operator to await non-blocking API calls, or 'await Task.Run(...)' to do CPU-bound work on a background thread. [/mnt/d/dev2/remotec/src/RemoteC.Api/RemoteC.Api.csproj]
/mnt/d/dev2/remotec/src/RemoteC.Api/Services/EdgeDeploymentService.cs(1199,52): warning CS8602: Dereference of a possibly null reference. [/mnt/d/dev2/remotec/src/RemoteC.Api/RemoteC.Api.csproj]
/mnt/d/dev2/remotec/src/RemoteC.Api/Services/IdentityProviderService.cs(693,50): warning CS1998: This async method lacks 'await' operators and will run synchronously. Consider using the 'await' operator to await non-blocking API calls, or 'await Task.Run(...)' to do CPU-bound work on a background thread. [/mnt/d/dev2/remotec/src/RemoteC.Api/RemoteC.Api.csproj]
/mnt/d/dev2/remotec/src/RemoteC.Api/Services/EdgeDeploymentService.cs(1269,37): warning CS8602: Dereference of a possibly null reference. [/mnt/d/dev2/remotec/src/RemoteC.Api/RemoteC.Api.csproj]
/mnt/d/dev2/remotec/src/RemoteC.Api/Services/EdgeDeploymentService.cs(1271,45): warning CS8602: Dereference of a possibly null reference. [/mnt/d/dev2/remotec/src/RemoteC.Api/RemoteC.Api.csproj]
/mnt/d/dev2/remotec/src/RemoteC.Api/Services/IdentityProviderService.cs(882,48): warning CS1998: This async method lacks 'await' operators and will run synchronously. Consider using the 'await' operator to await non-blocking API calls, or 'await Task.Run(...)' to do CPU-bound work on a background thread. [/mnt/d/dev2/remotec/src/RemoteC.Api/RemoteC.Api.csproj]
/mnt/d/dev2/remotec/src/RemoteC.Api/Services/IdentityProviderService.cs(1269,49): warning CS1998: This async method lacks 'await' operators and will run synchronously. Consider using the 'await' operator to await non-blocking API calls, or 'await Task.Run(...)' to do CPU-bound work on a background thread. [/mnt/d/dev2/remotec/src/RemoteC.Api/RemoteC.Api.csproj]
/mnt/d/dev2/remotec/src/RemoteC.Api/Services/AnalyticsService.cs(1059,31): warning CS8601: Possible null reference assignment. [/mnt/d/dev2/remotec/src/RemoteC.Api/RemoteC.Api.csproj]
/mnt/d/dev2/remotec/src/RemoteC.Api/Services/PolicyEngineService.cs(1929,43): warning CS8604: Possible null reference argument for parameter 'item' in 'bool List<string>.Contains(string item)'. [/mnt/d/dev2/remotec/src/RemoteC.Api/RemoteC.Api.csproj]
/mnt/d/dev2/remotec/src/RemoteC.Api/Services/BackgroundTaskQueue.cs(20,13): warning CA1510: Use 'ArgumentNullException.ThrowIfNull' instead of explicitly throwing a new exception instance (https://learn.microsoft.com/dotnet/fundamentals/code-analysis/quality-rules/ca1510) [/mnt/d/dev2/remotec/src/RemoteC.Api/RemoteC.Api.csproj]
/mnt/d/dev2/remotec/src/RemoteC.Api/Services/BackgroundTaskQueue.cs(81,64): warning CA1725: In member Task QueuedHostedService.StopAsync(CancellationToken stoppingToken), change parameter name stoppingToken to cancellationToken in order to match the identifier as it has been declared in Task BackgroundService.StopAsync(CancellationToken cancellationToken) (https://learn.microsoft.com/dotnet/fundamentals/code-analysis/quality-rules/ca1725) [/mnt/d/dev2/remotec/src/RemoteC.Api/RemoteC.Api.csproj]
/mnt/d/dev2/remotec/src/RemoteC.Api/Services/ComplianceService.cs(107,40): warning CA1861: Prefer 'static readonly' fields over constant array arguments if the called method is called repeatedly and is not mutating the passed array (https://learn.microsoft.com/dotnet/fundamentals/code-analysis/quality-rules/ca1861) [/mnt/d/dev2/remotec/src/RemoteC.Api/RemoteC.Api.csproj]
/mnt/d/dev2/remotec/src/RemoteC.Api/Services/ComplianceService.cs(115,40): warning CA1861: Prefer 'static readonly' fields over constant array arguments if the called method is called repeatedly and is not mutating the passed array (https://learn.microsoft.com/dotnet/fundamentals/code-analysis/quality-rules/ca1861) [/mnt/d/dev2/remotec/src/RemoteC.Api/RemoteC.Api.csproj]
/mnt/d/dev2/remotec/src/RemoteC.Api/Services/ComplianceService.cs(125,40): warning CA1861: Prefer 'static readonly' fields over constant array arguments if the called method is called repeatedly and is not mutating the passed array (https://learn.microsoft.com/dotnet/fundamentals/code-analysis/quality-rules/ca1861) [/mnt/d/dev2/remotec/src/RemoteC.Api/RemoteC.Api.csproj]
/mnt/d/dev2/remotec/src/RemoteC.Api/Services/ComplianceService.cs(133,40): warning CA1861: Prefer 'static readonly' fields over constant array arguments if the called method is called repeatedly and is not mutating the passed array (https://learn.microsoft.com/dotnet/fundamentals/code-analysis/quality-rules/ca1861) [/mnt/d/dev2/remotec/src/RemoteC.Api/RemoteC.Api.csproj]
/mnt/d/dev2/remotec/src/RemoteC.Api/Services/ComplianceService.cs(143,40): warning CA1861: Prefer 'static readonly' fields over constant array arguments if the called method is called repeatedly and is not mutating the passed array (https://learn.microsoft.com/dotnet/fundamentals/code-analysis/quality-rules/ca1861) [/mnt/d/dev2/remotec/src/RemoteC.Api/RemoteC.Api.csproj]
/mnt/d/dev2/remotec/src/RemoteC.Api/Services/ComplianceService.cs(153,40): warning CA1861: Prefer 'static readonly' fields over constant array arguments if the called method is called repeatedly and is not mutating the passed array (https://learn.microsoft.com/dotnet/fundamentals/code-analysis/quality-rules/ca1861) [/mnt/d/dev2/remotec/src/RemoteC.Api/RemoteC.Api.csproj]
/mnt/d/dev2/remotec/src/RemoteC.Api/Services/ComplianceService.cs(163,40): warning CA1861: Prefer 'static readonly' fields over constant array arguments if the called method is called repeatedly and is not mutating the passed array (https://learn.microsoft.com/dotnet/fundamentals/code-analysis/quality-rules/ca1861) [/mnt/d/dev2/remotec/src/RemoteC.Api/RemoteC.Api.csproj]
/mnt/d/dev2/remotec/src/RemoteC.Api/Services/EncryptionService.cs(66,24): warning CA1850: Prefer static 'System.Security.Cryptography.SHA256.HashData' method over 'ComputeHash' (https://learn.microsoft.com/dotnet/fundamentals/code-analysis/quality-rules/ca1850) [/mnt/d/dev2/remotec/src/RemoteC.Api/RemoteC.Api.csproj]
/mnt/d/dev2/remotec/src/RemoteC.Api/Services/FileTransferService.cs(196,79): warning CA1725: In member Task<FileChunk?> FileTransferService.DownloadChunkAsync(Guid transferId, int chunkNumber), change parameter name chunkNumber to chunkIndex in order to match the identifier as it has been declared in Task<FileChunk?> IFileTransferService.DownloadChunkAsync(Guid transferId, int chunkIndex) (https://learn.microsoft.com/dotnet/fundamentals/code-analysis/quality-rules/ca1725) [/mnt/d/dev2/remotec/src/RemoteC.Api/RemoteC.Api.csproj]
/mnt/d/dev2/remotec/src/RemoteC.Api/Services/ComplianceService.cs(230,40): warning CA1861: Prefer 'static readonly' fields over constant array arguments if the called method is called repeatedly and is not mutating the passed array (https://learn.microsoft.com/dotnet/fundamentals/code-analysis/quality-rules/ca1861) [/mnt/d/dev2/remotec/src/RemoteC.Api/RemoteC.Api.csproj]
/mnt/d/dev2/remotec/src/RemoteC.Api/Services/ComplianceService.cs(243,40): warning CA1861: Prefer 'static readonly' fields over constant array arguments if the called method is called repeatedly and is not mutating the passed array (https://learn.microsoft.com/dotnet/fundamentals/code-analysis/quality-rules/ca1861) [/mnt/d/dev2/remotec/src/RemoteC.Api/RemoteC.Api.csproj]
/mnt/d/dev2/remotec/src/RemoteC.Api/Services/ComplianceService.cs(257,40): warning CA1861: Prefer 'static readonly' fields over constant array arguments if the called method is called repeatedly and is not mutating the passed array (https://learn.microsoft.com/dotnet/fundamentals/code-analysis/quality-rules/ca1861) [/mnt/d/dev2/remotec/src/RemoteC.Api/RemoteC.Api.csproj]
/mnt/d/dev2/remotec/src/RemoteC.Api/Services/FileTransferService.cs(223,23): warning CA1835: Change the 'ReadAsync' method call to use the 'Stream.ReadAsync(Memory<byte>, CancellationToken)' overload (https://learn.microsoft.com/dotnet/fundamentals/code-analysis/quality-rules/ca1835) [/mnt/d/dev2/remotec/src/RemoteC.Api/RemoteC.Api.csproj]
/mnt/d/dev2/remotec/src/RemoteC.Api/Services/ComplianceService.cs(412,40): warning CA1861: Prefer 'static readonly' fields over constant array arguments if the called method is called repeatedly and is not mutating the passed array (https://learn.microsoft.com/dotnet/fundamentals/code-analysis/quality-rules/ca1861) [/mnt/d/dev2/remotec/src/RemoteC.Api/RemoteC.Api.csproj]
/mnt/d/dev2/remotec/src/RemoteC.Api/Services/ComplianceService.cs(425,40): warning CA1861: Prefer 'static readonly' fields over constant array arguments if the called method is called repeatedly and is not mutating the passed array (https://learn.microsoft.com/dotnet/fundamentals/code-analysis/quality-rules/ca1861) [/mnt/d/dev2/remotec/src/RemoteC.Api/RemoteC.Api.csproj]
/mnt/d/dev2/remotec/src/RemoteC.Api/Services/ComplianceService.cs(438,40): warning CA1861: Prefer 'static readonly' fields over constant array arguments if the called method is called repeatedly and is not mutating the passed array (https://learn.microsoft.com/dotnet/fundamentals/code-analysis/quality-rules/ca1861) [/mnt/d/dev2/remotec/src/RemoteC.Api/RemoteC.Api.csproj]
/mnt/d/dev2/remotec/src/RemoteC.Api/Services/FileTransferService.cs(301,24): warning CA1850: Prefer static 'System.Security.Cryptography.SHA256.HashData' method over 'ComputeHash' (https://learn.microsoft.com/dotnet/fundamentals/code-analysis/quality-rules/ca1850) [/mnt/d/dev2/remotec/src/RemoteC.Api/RemoteC.Api.csproj]
/mnt/d/dev2/remotec/src/RemoteC.Api/Services/E2EEncryptionService.cs(178,39): warning CA1835: Change the 'ReadAsync' method call to use the 'Stream.ReadAsync(Memory<byte>, CancellationToken)' overload (https://learn.microsoft.com/dotnet/fundamentals/code-analysis/quality-rules/ca1835) [/mnt/d/dev2/remotec/src/RemoteC.Api/RemoteC.Api.csproj]
/mnt/d/dev2/remotec/src/RemoteC.Api/Services/E2EEncryptionService.cs(195,23): warning CA1835: Change the 'WriteAsync' method call to use the 'Stream.WriteAsync(ReadOnlyMemory<byte>, CancellationToken)' overload (https://learn.microsoft.com/dotnet/fundamentals/code-analysis/quality-rules/ca1835) [/mnt/d/dev2/remotec/src/RemoteC.Api/RemoteC.Api.csproj]
/mnt/d/dev2/remotec/src/RemoteC.Api/Services/E2EEncryptionService.cs(196,23): warning CA1835: Change the 'WriteAsync' method call to use the 'Stream.WriteAsync(ReadOnlyMemory<byte>, CancellationToken)' overload (https://learn.microsoft.com/dotnet/fundamentals/code-analysis/quality-rules/ca1835) [/mnt/d/dev2/remotec/src/RemoteC.Api/RemoteC.Api.csproj]
/mnt/d/dev2/remotec/src/RemoteC.Api/Services/E2EEncryptionService.cs(197,23): warning CA1835: Change the 'WriteAsync' method call to use the 'Stream.WriteAsync(ReadOnlyMemory<byte>, CancellationToken)' overload (https://learn.microsoft.com/dotnet/fundamentals/code-analysis/quality-rules/ca1835) [/mnt/d/dev2/remotec/src/RemoteC.Api/RemoteC.Api.csproj]
/mnt/d/dev2/remotec/src/RemoteC.Api/Middleware/AuditMiddleware.cs(351,20): warning CA1845: Use span-based 'string.Concat' and 'AsSpan' instead of 'Substring' (https://learn.microsoft.com/dotnet/fundamentals/code-analysis/quality-rules/ca1845) [/mnt/d/dev2/remotec/src/RemoteC.Api/RemoteC.Api.csproj]
/mnt/d/dev2/remotec/src/RemoteC.Api/Services/E2EEncryptionService.cs(229,39): warning CA1835: Change the 'ReadAsync' method call to use the 'Stream.ReadAsync(Memory<byte>, CancellationToken)' overload (https://learn.microsoft.com/dotnet/fundamentals/code-analysis/quality-rules/ca1835) [/mnt/d/dev2/remotec/src/RemoteC.Api/RemoteC.Api.csproj]
/mnt/d/dev2/remotec/src/RemoteC.Api/Services/E2EEncryptionService.cs(236,35): warning CA1835: Change the 'ReadAsync' method call to use the 'Stream.ReadAsync(Memory<byte>, CancellationToken)' overload (https://learn.microsoft.com/dotnet/fundamentals/code-analysis/quality-rules/ca1835) [/mnt/d/dev2/remotec/src/RemoteC.Api/RemoteC.Api.csproj]
/mnt/d/dev2/remotec/src/RemoteC.Api/Services/E2EEncryptionService.cs(241,35): warning CA1835: Change the 'ReadAsync' method call to use the 'Stream.ReadAsync(Memory<byte>, CancellationToken)' overload (https://learn.microsoft.com/dotnet/fundamentals/code-analysis/quality-rules/ca1835) [/mnt/d/dev2/remotec/src/RemoteC.Api/RemoteC.Api.csproj]
/mnt/d/dev2/remotec/src/RemoteC.Api/Services/E2EEncryptionService.cs(256,23): warning CA1835: Change the 'WriteAsync' method call to use the 'Stream.WriteAsync(ReadOnlyMemory<byte>, CancellationToken)' overload (https://learn.microsoft.com/dotnet/fundamentals/code-analysis/quality-rules/ca1835) [/mnt/d/dev2/remotec/src/RemoteC.Api/RemoteC.Api.csproj]
/mnt/d/dev2/remotec/src/RemoteC.Api/Services/FileTransferService.cs(369,27): warning CA1835: Change the 'WriteAsync' method call to use the 'Stream.WriteAsync(ReadOnlyMemory<byte>, CancellationToken)' overload (https://learn.microsoft.com/dotnet/fundamentals/code-analysis/quality-rules/ca1835) [/mnt/d/dev2/remotec/src/RemoteC.Api/RemoteC.Api.csproj]
/mnt/d/dev2/remotec/src/RemoteC.Api/Services/FileTransferService.cs(398,23): warning CA1835: Change the 'WriteAsync' method call to use the 'Stream.WriteAsync(ReadOnlyMemory<byte>, CancellationToken)' overload (https://learn.microsoft.com/dotnet/fundamentals/code-analysis/quality-rules/ca1835) [/mnt/d/dev2/remotec/src/RemoteC.Api/RemoteC.Api.csproj]
/mnt/d/dev2/remotec/src/RemoteC.Api/Services/AnalyticsService.cs(115,38): warning CA1829: Use the "Count" property instead of Enumerable.Count() (https://learn.microsoft.com/dotnet/fundamentals/code-analysis/quality-rules/ca1829) [/mnt/d/dev2/remotec/src/RemoteC.Api/RemoteC.Api.csproj]
/mnt/d/dev2/remotec/src/RemoteC.Api/Program.cs(217,41): warning CA1861: Prefer 'static readonly' fields over constant array arguments if the called method is called repeatedly and is not mutating the passed array (https://learn.microsoft.com/dotnet/fundamentals/code-analysis/quality-rules/ca1861) [/mnt/d/dev2/remotec/src/RemoteC.Api/RemoteC.Api.csproj]
/mnt/d/dev2/remotec/src/RemoteC.Api/Program.cs(218,43): warning CA1861: Prefer 'static readonly' fields over constant array arguments if the called method is called repeatedly and is not mutating the passed array (https://learn.microsoft.com/dotnet/fundamentals/code-analysis/quality-rules/ca1861) [/mnt/d/dev2/remotec/src/RemoteC.Api/RemoteC.Api.csproj]
/mnt/d/dev2/remotec/src/RemoteC.Api/Services/PinService.cs(169,24): warning CA1830: Remove the ToString call in order to use a strongly-typed StringBuilder overload (https://learn.microsoft.com/dotnet/fundamentals/code-analysis/quality-rules/ca1830) [/mnt/d/dev2/remotec/src/RemoteC.Api/RemoteC.Api.csproj]
/mnt/d/dev2/remotec/src/RemoteC.Api/Services/PinService.cs(178,27): warning CA1850: Prefer static 'System.Security.Cryptography.SHA256.HashData' method over 'ComputeHash' (https://learn.microsoft.com/dotnet/fundamentals/code-analysis/quality-rules/ca1850) [/mnt/d/dev2/remotec/src/RemoteC.Api/RemoteC.Api.csproj]
/mnt/d/dev2/remotec/src/RemoteC.Api/Services/IdentityProviderService.cs(237,34): warning CA1845: Use span-based 'string.Concat' and 'AsSpan' instead of 'Substring' (https://learn.microsoft.com/dotnet/fundamentals/code-analysis/quality-rules/ca1845) [/mnt/d/dev2/remotec/src/RemoteC.Api/RemoteC.Api.csproj]
/mnt/d/dev2/remotec/src/RemoteC.Api/Services/EdgeDeploymentService.cs(841,33): warning CA1825: Avoid unnecessary zero-length array allocations.  Use Array.Empty<int>() instead. (https://learn.microsoft.com/dotnet/fundamentals/code-analysis/quality-rules/ca1825) [/mnt/d/dev2/remotec/src/RemoteC.Api/RemoteC.Api.csproj]
/mnt/d/dev2/remotec/src/RemoteC.Api/Services/AuditService.cs(417,13): warning CA1510: Use 'ArgumentNullException.ThrowIfNull' instead of explicitly throwing a new exception instance (https://learn.microsoft.com/dotnet/fundamentals/code-analysis/quality-rules/ca1510) [/mnt/d/dev2/remotec/src/RemoteC.Api/RemoteC.Api.csproj]
/mnt/d/dev2/remotec/src/RemoteC.Api/Services/IdentityProviderService.cs(322,42): warning CA1861: Prefer 'static readonly' fields over constant array arguments if the called method is called repeatedly and is not mutating the passed array (https://learn.microsoft.com/dotnet/fundamentals/code-analysis/quality-rules/ca1861) [/mnt/d/dev2/remotec/src/RemoteC.Api/RemoteC.Api.csproj]
/mnt/d/dev2/remotec/src/RemoteC.Api/Services/IdentityProviderService.cs(323,42): warning CA1861: Prefer 'static readonly' fields over constant array arguments if the called method is called repeatedly and is not mutating the passed array (https://learn.microsoft.com/dotnet/fundamentals/code-analysis/quality-rules/ca1861) [/mnt/d/dev2/remotec/src/RemoteC.Api/RemoteC.Api.csproj]
/mnt/d/dev2/remotec/src/RemoteC.Api/Services/IdentityProviderService.cs(325,41): warning CA1861: Prefer 'static readonly' fields over constant array arguments if the called method is called repeatedly and is not mutating the passed array (https://learn.microsoft.com/dotnet/fundamentals/code-analysis/quality-rules/ca1861) [/mnt/d/dev2/remotec/src/RemoteC.Api/RemoteC.Api.csproj]
/mnt/d/dev2/remotec/src/RemoteC.Api/Services/IdentityProviderService.cs(327,53): warning CA1861: Prefer 'static readonly' fields over constant array arguments if the called method is called repeatedly and is not mutating the passed array (https://learn.microsoft.com/dotnet/fundamentals/code-analysis/quality-rules/ca1861) [/mnt/d/dev2/remotec/src/RemoteC.Api/RemoteC.Api.csproj]
/mnt/d/dev2/remotec/src/RemoteC.Api/Services/IdentityProviderService.cs(328,35): warning CA1861: Prefer 'static readonly' fields over constant array arguments if the called method is called repeatedly and is not mutating the passed array (https://learn.microsoft.com/dotnet/fundamentals/code-analysis/quality-rules/ca1861) [/mnt/d/dev2/remotec/src/RemoteC.Api/RemoteC.Api.csproj]
/mnt/d/dev2/remotec/src/RemoteC.Api/Services/IdentityProviderService.cs(1366,32): warning CA1850: Prefer static 'System.Security.Cryptography.SHA256.HashData' method over 'ComputeHash' (https://learn.microsoft.com/dotnet/fundamentals/code-analysis/quality-rules/ca1850) [/mnt/d/dev2/remotec/src/RemoteC.Api/RemoteC.Api.csproj]
/mnt/d/dev2/remotec/src/RemoteC.Api/Services/PolicyEngineService.cs(1122,43): warning CA1847: Use 'string.Contains(char)' instead of 'string.Contains(string)' when searching for a single character (https://learn.microsoft.com/dotnet/fundamentals/code-analysis/quality-rules/ca1847) [/mnt/d/dev2/remotec/src/RemoteC.Api/RemoteC.Api.csproj]
/mnt/d/dev2/remotec/src/RemoteC.Api/Services/PolicyEngineService.cs(1803,39): warning CA1866: Use 'string.StartsWith(char)' instead of 'string.StartsWith(string)' when you have a string with a single char (https://learn.microsoft.com/dotnet/fundamentals/code-analysis/quality-rules/ca1866) [/mnt/d/dev2/remotec/src/RemoteC.Api/RemoteC.Api.csproj]
/mnt/d/dev2/remotec/src/RemoteC.Api/Services/PolicyEngineService.cs(1804,37): warning CA1866: Use 'string.EndsWith(char)' instead of 'string.EndsWith(string)' when you have a string with a single char (https://learn.microsoft.com/dotnet/fundamentals/code-analysis/quality-rules/ca1866) [/mnt/d/dev2/remotec/src/RemoteC.Api/RemoteC.Api.csproj]
/mnt/d/dev2/remotec/src/RemoteC.Api/Services/EdgeDeploymentService.cs(438,36): error CS1061: 'EdgeDeploymentEntity' does not contain a definition for 'Ports' and no accessible extension method 'Ports' accepting a first argument of type 'EdgeDeploymentEntity' could be found (are you missing a using directive or an assembly reference?) [/mnt/d/dev2/remotec/src/RemoteC.Api/RemoteC.Api.csproj]
/mnt/d/dev2/remotec/src/RemoteC.Api/Services/EdgeDeploymentService.cs(511,20): error CS0029: Cannot implicitly convert type 'System.Collections.Generic.List<RemoteC.Data.Entities.EdgeDeploymentEntity>' to 'System.Collections.Generic.List<RemoteC.Shared.Models.EdgeDeployment>' [/mnt/d/dev2/remotec/src/RemoteC.Api/RemoteC.Api.csproj]
/mnt/d/dev2/remotec/src/RemoteC.Api/Services/ComplianceService.cs(703,17): error CS0019: Operator '==' cannot be applied to operands of type 'ExportFormat' and 'ExportFormat' [/mnt/d/dev2/remotec/src/RemoteC.Api/RemoteC.Api.csproj]
/mnt/d/dev2/remotec/src/RemoteC.Api/Program.cs(171,43): error CS0234: The type or namespace name 'AuditSeverity' does not exist in the namespace 'RemoteC.Api.Services' (are you missing an assembly reference?) [/mnt/d/dev2/remotec/src/RemoteC.Api/RemoteC.Api.csproj]
/mnt/d/dev2/remotec/src/RemoteC.Api/Services/FileTransferService.cs(441,26): error CS0266: Cannot implicitly convert type 'RemoteC.Data.Entities.TransferStatus' to 'RemoteC.Shared.Models.TransferStatus'. An explicit conversion exists (are you missing a cast?) [/mnt/d/dev2/remotec/src/RemoteC.Api/RemoteC.Api.csproj]
/mnt/d/dev2/remotec/src/RemoteC.Api/Services/EdgeDeploymentService.cs(548,33): error CS1061: 'EdgeDeploymentEntity' does not contain a definition for 'AutoScalePolicy' and no accessible extension method 'AutoScalePolicy' accepting a first argument of type 'EdgeDeploymentEntity' could be found (are you missing a using directive or an assembly reference?) [/mnt/d/dev2/remotec/src/RemoteC.Api/RemoteC.Api.csproj]
/mnt/d/dev2/remotec/src/RemoteC.Api/Services/EdgeDeploymentService.cs(644,24): error CS1061: 'EdgeDeploymentEntity' does not contain a definition for 'AutoScalePolicy' and no accessible extension method 'AutoScalePolicy' accepting a first argument of type 'EdgeDeploymentEntity' could be found (are you missing a using directive or an assembly reference?) [/mnt/d/dev2/remotec/src/RemoteC.Api/RemoteC.Api.csproj]
/mnt/d/dev2/remotec/src/RemoteC.Api/Services/SessionRecordingService.cs(127,45): error CS1061: 'SessionRecording' does not contain a definition for 'FrameCount' and no accessible extension method 'FrameCount' accepting a first argument of type 'SessionRecording' could be found (are you missing a using directive or an assembly reference?) [/mnt/d/dev2/remotec/src/RemoteC.Api/RemoteC.Api.csproj]
/mnt/d/dev2/remotec/src/RemoteC.Api/Services/SessionRecordingService.cs(136,67): error CS1061: 'SessionRecording' does not contain a definition for 'ChunkCount' and no accessible extension method 'ChunkCount' accepting a first argument of type 'SessionRecording' could be found (are you missing a using directive or an assembly reference?) [/mnt/d/dev2/remotec/src/RemoteC.Api/RemoteC.Api.csproj]
/mnt/d/dev2/remotec/src/RemoteC.Api/Services/SessionRecordingService.cs(138,50): error CS1061: 'BlobContainerClient' does not contain a definition for 'GetAppendBlobClient' and no accessible extension method 'GetAppendBlobClient' accepting a first argument of type 'BlobContainerClient' could be found (are you missing a using directive or an assembly reference?) [/mnt/d/dev2/remotec/src/RemoteC.Api/RemoteC.Api.csproj]
/mnt/d/dev2/remotec/src/RemoteC.Api/Services/SessionRecordingService.cs(150,31): error CS1061: 'SessionRecording' does not contain a definition for 'ChunkCount' and no accessible extension method 'ChunkCount' accepting a first argument of type 'SessionRecording' could be found (are you missing a using directive or an assembly reference?) [/mnt/d/dev2/remotec/src/RemoteC.Api/RemoteC.Api.csproj]
/mnt/d/dev2/remotec/src/RemoteC.Api/Services/SessionRecordingService.cs(151,67): error CS1061: 'SessionRecording' does not contain a definition for 'ChunkCount' and no accessible extension method 'ChunkCount' accepting a first argument of type 'SessionRecording' could be found (are you missing a using directive or an assembly reference?) [/mnt/d/dev2/remotec/src/RemoteC.Api/RemoteC.Api.csproj]
/mnt/d/dev2/remotec/src/RemoteC.Api/Services/SessionRecordingService.cs(152,50): error CS1061: 'BlobContainerClient' does not contain a definition for 'GetAppendBlobClient' and no accessible extension method 'GetAppendBlobClient' accepting a first argument of type 'BlobContainerClient' could be found (are you missing a using directive or an assembly reference?) [/mnt/d/dev2/remotec/src/RemoteC.Api/RemoteC.Api.csproj]
/mnt/d/dev2/remotec/src/RemoteC.Api/Services/SessionRecordingService.cs(162,27): error CS1061: 'SessionRecording' does not contain a definition for 'TotalSize' and no accessible extension method 'TotalSize' accepting a first argument of type 'SessionRecording' could be found (are you missing a using directive or an assembly reference?) [/mnt/d/dev2/remotec/src/RemoteC.Api/RemoteC.Api.csproj]
/mnt/d/dev2/remotec/src/RemoteC.Api/Services/SessionRecordingService.cs(163,27): error CS1061: 'SessionRecording' does not contain a definition for 'UpdatedAt' and no accessible extension method 'UpdatedAt' accepting a first argument of type 'SessionRecording' could be found (are you missing a using directive or an assembly reference?) [/mnt/d/dev2/remotec/src/RemoteC.Api/RemoteC.Api.csproj]
/mnt/d/dev2/remotec/src/RemoteC.Api/Services/SessionRecordingService.cs(227,27): error CS0246: The type or namespace name 'NotFoundException' could not be found (are you missing a using directive or an assembly reference?) [/mnt/d/dev2/remotec/src/RemoteC.Api/RemoteC.Api.csproj]
/mnt/d/dev2/remotec/src/RemoteC.Api/Services/SessionRecordingService.cs(233,27): error CS0246: The type or namespace name 'UnauthorizedException' could not be found (are you missing a using directive or an assembly reference?) [/mnt/d/dev2/remotec/src/RemoteC.Api/RemoteC.Api.csproj]
/mnt/d/dev2/remotec/src/RemoteC.Api/Services/SessionRecordingService.cs(240,44): error CS1061: 'SessionRecording' does not contain a definition for 'ChunkCount' and no accessible extension method 'ChunkCount' accepting a first argument of type 'SessionRecording' could be found (are you missing a using directive or an assembly reference?) [/mnt/d/dev2/remotec/src/RemoteC.Api/RemoteC.Api.csproj]
/mnt/d/dev2/remotec/src/RemoteC.Api/Services/SessionRecordingService.cs(272,40): error CS1061: 'SessionRecording' does not contain a definition for 'FrameCount' and no accessible extension method 'FrameCount' accepting a first argument of type 'SessionRecording' could be found (are you missing a using directive or an assembly reference?) [/mnt/d/dev2/remotec/src/RemoteC.Api/RemoteC.Api.csproj]
/mnt/d/dev2/remotec/src/RemoteC.Api/Services/EdgeDeploymentService.cs(730,24): error CS1061: 'EdgeDeploymentEntity' does not contain a definition for 'HealthCheckConfig' and no accessible extension method 'HealthCheckConfig' accepting a first argument of type 'EdgeDeploymentEntity' could be found (are you missing a using directive or an assembly reference?) [/mnt/d/dev2/remotec/src/RemoteC.Api/RemoteC.Api.csproj]
/mnt/d/dev2/remotec/src/RemoteC.Api/Services/EdgeDeploymentService.cs(765,13): error CS0200: Property or indexer 'EdgeDeploymentEntity.LoadBalancer' cannot be assigned to -- it is read only [/mnt/d/dev2/remotec/src/RemoteC.Api/RemoteC.Api.csproj]
/mnt/d/dev2/remotec/src/RemoteC.Api/Services/SessionRecordingService.cs(289,63): error CS1061: 'OrganizationSettings' does not contain a definition for 'SessionRecordingDays' and no accessible extension method 'SessionRecordingDays' accepting a first argument of type 'OrganizationSettings' could be found (are you missing a using directive or an assembly reference?) [/mnt/d/dev2/remotec/src/RemoteC.Api/RemoteC.Api.csproj]
/mnt/d/dev2/remotec/src/RemoteC.Api/Services/IdentityProviderService.cs(288,31): error CS0029: Cannot implicitly convert type 'System.DateTime?' to 'long?' [/mnt/d/dev2/remotec/src/RemoteC.Api/RemoteC.Api.csproj]
/mnt/d/dev2/remotec/src/RemoteC.Api/Services/AuditService.cs(369,36): error CS0029: Cannot implicitly convert type 'System.Collections.Generic.Dictionary<int, int>' to 'System.Collections.Generic.Dictionary<RemoteC.Shared.Models.AuditCategory, int>' [/mnt/d/dev2/remotec/src/RemoteC.Api/RemoteC.Api.csproj]
/mnt/d/dev2/remotec/src/RemoteC.Api/Services/AuditService.cs(371,36): error CS0029: Cannot implicitly convert type 'System.Collections.Generic.Dictionary<int, int>' to 'System.Collections.Generic.Dictionary<RemoteC.Shared.Models.AuditSeverity, int>' [/mnt/d/dev2/remotec/src/RemoteC.Api/RemoteC.Api.csproj]
/mnt/d/dev2/remotec/src/RemoteC.Api/Services/SessionRecordingService.cs(394,27): error CS1061: 'SessionRecording' does not contain a definition for 'ThumbnailUrl' and no accessible extension method 'ThumbnailUrl' accepting a first argument of type 'SessionRecording' could be found (are you missing a using directive or an assembly reference?) [/mnt/d/dev2/remotec/src/RemoteC.Api/RemoteC.Api.csproj]
/mnt/d/dev2/remotec/src/RemoteC.Api/Services/SessionRecordingService.cs(414,46): error CS1061: 'BlobContainerClient' does not contain a definition for 'GetAppendBlobClient' and no accessible extension method 'GetAppendBlobClient' accepting a first argument of type 'BlobContainerClient' could be found (are you missing a using directive or an assembly reference?) [/mnt/d/dev2/remotec/src/RemoteC.Api/RemoteC.Api.csproj]
/mnt/d/dev2/remotec/src/RemoteC.Api/Services/EdgeDeploymentService.cs(1045,57): error CS1503: Argument 1: cannot convert from 'RemoteC.Shared.Models.ConfigurationHistory' to 'RemoteC.Data.Entities.ConfigurationHistoryEntity' [/mnt/d/dev2/remotec/src/RemoteC.Api/RemoteC.Api.csproj]
/mnt/d/dev2/remotec/src/RemoteC.Api/Services/EdgeDeploymentService.cs(1070,20): error CS0029: Cannot implicitly convert type 'System.Collections.Generic.List<RemoteC.Data.Entities.ConfigurationHistoryEntity>' to 'System.Collections.Generic.List<RemoteC.Shared.Models.ConfigurationHistory>' [/mnt/d/dev2/remotec/src/RemoteC.Api/RemoteC.Api.csproj]
/mnt/d/dev2/remotec/src/RemoteC.Api/Services/EdgeDeploymentService.cs(1086,37): error CS1061: 'ConfigurationHistoryEntity' does not contain a definition for 'Changes' and no accessible extension method 'Changes' accepting a first argument of type 'ConfigurationHistoryEntity' could be found (are you missing a using directive or an assembly reference?) [/mnt/d/dev2/remotec/src/RemoteC.Api/RemoteC.Api.csproj]
    111 Warning(s)
    30 Error(s)

Time Elapsed 00:00:30.18
